

================================================================
== Vivado HLS Report for 'Block_proc'
================================================================
* Date:           Wed Jan 27 13:58:23 2021

* Version:        2018.3 (Build 2405991 on Thu Dec 06 23:56:15 MST 2018)
* Project:        gpio
* Solution:       solution1
* Product family: virtexuplus
* Target device:  xcu250-figd2104-2L-e


================================================================
== Performance Estimates
================================================================
+ Timing (ns): 
    * Summary: 
    +--------+-------+----------+------------+
    |  Clock | Target| Estimated| Uncertainty|
    +--------+-------+----------+------------+
    |ap_clk  |   3.00|     0.000|        0.38|
    +--------+-------+----------+------------+

+ Latency (clock cycles): 
    * Summary: 
    +-----+-----+-----+-----+---------+
    |  Latency  |  Interval | Pipeline|
    | min | max | min | max |   Type  |
    +-----+-----+-----+-----+---------+
    |    0|    0|    0|    0|   none  |
    +-----+-----+-----+-----+---------+

    + Detail: 
        * Instance: 
        N/A

        * Loop: 
        N/A



================================================================
== Utilization Estimates
================================================================
* Summary: 
+-----------------+---------+-------+---------+---------+------+
|       Name      | BRAM_18K| DSP48E|    FF   |   LUT   | URAM |
+-----------------+---------+-------+---------+---------+------+
|DSP              |        -|      -|        -|        -|     -|
|Expression       |        -|      -|        0|        2|     -|
|FIFO             |        -|      -|        -|        -|     -|
|Instance         |        -|      -|        -|        -|     -|
|Memory           |        -|      -|        -|        -|     -|
|Multiplexer      |        -|      -|        -|      585|     -|
|Register         |        -|      -|     1410|        -|     -|
+-----------------+---------+-------+---------+---------+------+
|Total            |        0|      0|     1410|      587|     0|
+-----------------+---------+-------+---------+---------+------+
|Available        |     5376|  12288|  3456000|  1728000|  1280|
+-----------------+---------+-------+---------+---------+------+
|Utilization (%)  |        0|      0|    ~0   |    ~0   |     0|
+-----------------+---------+-------+---------+---------+------+

+ Detail: 
    * Instance: 
    N/A

    * DSP48: 
    N/A

    * Memory: 
    N/A

    * FIFO: 
    N/A

    * Expression: 
    +-----------------+----------+-------+---+----+------------+------------+
    |  Variable Name  | Operation| DSP48E| FF| LUT| Bitwidth P0| Bitwidth P1|
    +-----------------+----------+-------+---+----+------------+------------+
    |ap_block_state1  |    or    |      0|  0|   2|           1|           1|
    +-----------------+----------+-------+---+----+------------+------------+
    |Total            |          |      0|  0|   2|           1|           1|
    +-----------------+----------+-------+---+----+------------+------------+

    * Multiplexer: 
    +------------+----+-----------+-----+-----------+
    |    Name    | LUT| Input Size| Bits| Total Bits|
    +------------+----+-----------+-----+-----------+
    |ap_done     |   9|          2|    1|          2|
    |input_0_V   |   9|          2|   32|         64|
    |input_10_V  |   9|          2|   16|         32|
    |input_11_V  |   9|          2|   24|         48|
    |input_12_V  |   9|          2|   32|         64|
    |input_13_V  |   9|          2|   16|         32|
    |input_14_V  |   9|          2|   16|         32|
    |input_15_V  |   9|          2|   24|         48|
    |input_16_V  |   9|          2|   32|         64|
    |input_17_V  |   9|          2|   16|         32|
    |input_18_V  |   9|          2|   16|         32|
    |input_19_V  |   9|          2|   24|         48|
    |input_1_V   |   9|          2|   16|         32|
    |input_20_V  |   9|          2|   32|         64|
    |input_21_V  |   9|          2|   16|         32|
    |input_22_V  |   9|          2|   16|         32|
    |input_23_V  |   9|          2|   24|         48|
    |input_24_V  |   9|          2|   32|         64|
    |input_25_V  |   9|          2|   16|         32|
    |input_26_V  |   9|          2|   16|         32|
    |input_27_V  |   9|          2|   24|         48|
    |input_28_V  |   9|          2|   32|         64|
    |input_29_V  |   9|          2|   16|         32|
    |input_2_V   |   9|          2|   16|         32|
    |input_30_V  |   9|          2|   16|         32|
    |input_31_V  |   9|          2|   24|         48|
    |input_32_V  |   9|          2|   32|         64|
    |input_33_V  |   9|          2|   16|         32|
    |input_34_V  |   9|          2|   16|         32|
    |input_35_V  |   9|          2|   24|         48|
    |input_36_V  |   9|          2|   32|         64|
    |input_37_V  |   9|          2|   16|         32|
    |input_38_V  |   9|          2|   16|         32|
    |input_39_V  |   9|          2|   24|         48|
    |input_3_V   |   9|          2|   24|         48|
    |input_40_V  |   9|          2|   32|         64|
    |input_41_V  |   9|          2|   16|         32|
    |input_42_V  |   9|          2|   16|         32|
    |input_43_V  |   9|          2|   24|         48|
    |input_44_V  |   9|          2|   32|         64|
    |input_45_V  |   9|          2|   16|         32|
    |input_46_V  |   9|          2|   16|         32|
    |input_47_V  |   9|          2|   24|         48|
    |input_48_V  |   9|          2|   32|         64|
    |input_49_V  |   9|          2|   16|         32|
    |input_4_V   |   9|          2|   32|         64|
    |input_50_V  |   9|          2|   16|         32|
    |input_51_V  |   9|          2|   24|         48|
    |input_52_V  |   9|          2|   32|         64|
    |input_53_V  |   9|          2|   16|         32|
    |input_54_V  |   9|          2|   16|         32|
    |input_55_V  |   9|          2|   24|         48|
    |input_56_V  |   9|          2|   32|         64|
    |input_57_V  |   9|          2|   16|         32|
    |input_58_V  |   9|          2|   16|         32|
    |input_59_V  |   9|          2|   24|         48|
    |input_5_V   |   9|          2|   16|         32|
    |input_60_V  |   9|          2|   32|         64|
    |input_61_V  |   9|          2|   16|         32|
    |input_62_V  |   9|          2|   16|         32|
    |input_63_V  |   9|          2|   24|         48|
    |input_6_V   |   9|          2|   16|         32|
    |input_7_V   |   9|          2|   24|         48|
    |input_8_V   |   9|          2|   32|         64|
    |input_9_V   |   9|          2|   16|         32|
    +------------+----+-----------+-----+-----------+
    |Total       | 585|        130| 1409|       2818|
    +------------+----+-----------+-----+-----------+

    * Register: 
    +-----------------+----+----+-----+-----------+
    |       Name      | FF | LUT| Bits| Const Bits|
    +-----------------+----+----+-----+-----------+
    |ap_CS_fsm        |   1|   0|    1|          0|
    |ap_done_reg      |   1|   0|    1|          0|
    |input_0_V_preg   |  32|   0|   32|          0|
    |input_10_V_preg  |  16|   0|   16|          0|
    |input_11_V_preg  |  24|   0|   24|          0|
    |input_12_V_preg  |  32|   0|   32|          0|
    |input_13_V_preg  |  16|   0|   16|          0|
    |input_14_V_preg  |  16|   0|   16|          0|
    |input_15_V_preg  |  24|   0|   24|          0|
    |input_16_V_preg  |  32|   0|   32|          0|
    |input_17_V_preg  |  16|   0|   16|          0|
    |input_18_V_preg  |  16|   0|   16|          0|
    |input_19_V_preg  |  24|   0|   24|          0|
    |input_1_V_preg   |  16|   0|   16|          0|
    |input_20_V_preg  |  32|   0|   32|          0|
    |input_21_V_preg  |  16|   0|   16|          0|
    |input_22_V_preg  |  16|   0|   16|          0|
    |input_23_V_preg  |  24|   0|   24|          0|
    |input_24_V_preg  |  32|   0|   32|          0|
    |input_25_V_preg  |  16|   0|   16|          0|
    |input_26_V_preg  |  16|   0|   16|          0|
    |input_27_V_preg  |  24|   0|   24|          0|
    |input_28_V_preg  |  32|   0|   32|          0|
    |input_29_V_preg  |  16|   0|   16|          0|
    |input_2_V_preg   |  16|   0|   16|          0|
    |input_30_V_preg  |  16|   0|   16|          0|
    |input_31_V_preg  |  24|   0|   24|          0|
    |input_32_V_preg  |  32|   0|   32|          0|
    |input_33_V_preg  |  16|   0|   16|          0|
    |input_34_V_preg  |  16|   0|   16|          0|
    |input_35_V_preg  |  24|   0|   24|          0|
    |input_36_V_preg  |  32|   0|   32|          0|
    |input_37_V_preg  |  16|   0|   16|          0|
    |input_38_V_preg  |  16|   0|   16|          0|
    |input_39_V_preg  |  24|   0|   24|          0|
    |input_3_V_preg   |  24|   0|   24|          0|
    |input_40_V_preg  |  32|   0|   32|          0|
    |input_41_V_preg  |  16|   0|   16|          0|
    |input_42_V_preg  |  16|   0|   16|          0|
    |input_43_V_preg  |  24|   0|   24|          0|
    |input_44_V_preg  |  32|   0|   32|          0|
    |input_45_V_preg  |  16|   0|   16|          0|
    |input_46_V_preg  |  16|   0|   16|          0|
    |input_47_V_preg  |  24|   0|   24|          0|
    |input_48_V_preg  |  32|   0|   32|          0|
    |input_49_V_preg  |  16|   0|   16|          0|
    |input_4_V_preg   |  32|   0|   32|          0|
    |input_50_V_preg  |  16|   0|   16|          0|
    |input_51_V_preg  |  24|   0|   24|          0|
    |input_52_V_preg  |  32|   0|   32|          0|
    |input_53_V_preg  |  16|   0|   16|          0|
    |input_54_V_preg  |  16|   0|   16|          0|
    |input_55_V_preg  |  24|   0|   24|          0|
    |input_56_V_preg  |  32|   0|   32|          0|
    |input_57_V_preg  |  16|   0|   16|          0|
    |input_58_V_preg  |  16|   0|   16|          0|
    |input_59_V_preg  |  24|   0|   24|          0|
    |input_5_V_preg   |  16|   0|   16|          0|
    |input_60_V_preg  |  32|   0|   32|          0|
    |input_61_V_preg  |  16|   0|   16|          0|
    |input_62_V_preg  |  16|   0|   16|          0|
    |input_63_V_preg  |  24|   0|   24|          0|
    |input_6_V_preg   |  16|   0|   16|          0|
    |input_7_V_preg   |  24|   0|   24|          0|
    |input_8_V_preg   |  32|   0|   32|          0|
    |input_9_V_preg   |  16|   0|   16|          0|
    +-----------------+----+----+-----+-----------+
    |Total            |1410|   0| 1410|          0|
    +-----------------+----+----+-----+-----------+



================================================================
== Interface
================================================================
* Summary: 
+-------------------+-----+-----+------------+----------------+--------------+
|     RTL Ports     | Dir | Bits|  Protocol  |  Source Object |    C Type    |
+-------------------+-----+-----+------------+----------------+--------------+
|ap_clk             |  in |    1| ap_ctrl_hs |   Block__proc  | return value |
|ap_rst             |  in |    1| ap_ctrl_hs |   Block__proc  | return value |
|ap_start           |  in |    1| ap_ctrl_hs |   Block__proc  | return value |
|ap_done            | out |    1| ap_ctrl_hs |   Block__proc  | return value |
|ap_continue        |  in |    1| ap_ctrl_hs |   Block__proc  | return value |
|ap_idle            | out |    1| ap_ctrl_hs |   Block__proc  | return value |
|ap_ready           | out |    1| ap_ctrl_hs |   Block__proc  | return value |
|input_0_axi_V      |  in |   32|   ap_none  |  input_0_axi_V |    scalar    |
|input_0_V          | out |   32|   ap_vld   |    input_0_V   |    pointer   |
|input_0_V_ap_vld   | out |    1|   ap_vld   |    input_0_V   |    pointer   |
|input_1_axi_V      |  in |   16|   ap_none  |  input_1_axi_V |    scalar    |
|input_1_V          | out |   16|   ap_vld   |    input_1_V   |    pointer   |
|input_1_V_ap_vld   | out |    1|   ap_vld   |    input_1_V   |    pointer   |
|input_2_axi_V      |  in |   16|   ap_none  |  input_2_axi_V |    scalar    |
|input_2_V          | out |   16|   ap_vld   |    input_2_V   |    pointer   |
|input_2_V_ap_vld   | out |    1|   ap_vld   |    input_2_V   |    pointer   |
|input_3_axi_V      |  in |   24|   ap_none  |  input_3_axi_V |    scalar    |
|input_3_V          | out |   24|   ap_vld   |    input_3_V   |    pointer   |
|input_3_V_ap_vld   | out |    1|   ap_vld   |    input_3_V   |    pointer   |
|input_4_axi_V      |  in |   32|   ap_none  |  input_4_axi_V |    scalar    |
|input_4_V          | out |   32|   ap_vld   |    input_4_V   |    pointer   |
|input_4_V_ap_vld   | out |    1|   ap_vld   |    input_4_V   |    pointer   |
|input_5_axi_V      |  in |   16|   ap_none  |  input_5_axi_V |    scalar    |
|input_5_V          | out |   16|   ap_vld   |    input_5_V   |    pointer   |
|input_5_V_ap_vld   | out |    1|   ap_vld   |    input_5_V   |    pointer   |
|input_6_axi_V      |  in |   16|   ap_none  |  input_6_axi_V |    scalar    |
|input_6_V          | out |   16|   ap_vld   |    input_6_V   |    pointer   |
|input_6_V_ap_vld   | out |    1|   ap_vld   |    input_6_V   |    pointer   |
|input_7_axi_V      |  in |   24|   ap_none  |  input_7_axi_V |    scalar    |
|input_7_V          | out |   24|   ap_vld   |    input_7_V   |    pointer   |
|input_7_V_ap_vld   | out |    1|   ap_vld   |    input_7_V   |    pointer   |
|input_8_axi_V      |  in |   32|   ap_none  |  input_8_axi_V |    scalar    |
|input_8_V          | out |   32|   ap_vld   |    input_8_V   |    pointer   |
|input_8_V_ap_vld   | out |    1|   ap_vld   |    input_8_V   |    pointer   |
|input_9_axi_V      |  in |   16|   ap_none  |  input_9_axi_V |    scalar    |
|input_9_V          | out |   16|   ap_vld   |    input_9_V   |    pointer   |
|input_9_V_ap_vld   | out |    1|   ap_vld   |    input_9_V   |    pointer   |
|input_10_axi_V     |  in |   16|   ap_none  | input_10_axi_V |    scalar    |
|input_10_V         | out |   16|   ap_vld   |   input_10_V   |    pointer   |
|input_10_V_ap_vld  | out |    1|   ap_vld   |   input_10_V   |    pointer   |
|input_11_axi_V     |  in |   24|   ap_none  | input_11_axi_V |    scalar    |
|input_11_V         | out |   24|   ap_vld   |   input_11_V   |    pointer   |
|input_11_V_ap_vld  | out |    1|   ap_vld   |   input_11_V   |    pointer   |
|input_12_axi_V     |  in |   32|   ap_none  | input_12_axi_V |    scalar    |
|input_12_V         | out |   32|   ap_vld   |   input_12_V   |    pointer   |
|input_12_V_ap_vld  | out |    1|   ap_vld   |   input_12_V   |    pointer   |
|input_13_axi_V     |  in |   16|   ap_none  | input_13_axi_V |    scalar    |
|input_13_V         | out |   16|   ap_vld   |   input_13_V   |    pointer   |
|input_13_V_ap_vld  | out |    1|   ap_vld   |   input_13_V   |    pointer   |
|input_14_axi_V     |  in |   16|   ap_none  | input_14_axi_V |    scalar    |
|input_14_V         | out |   16|   ap_vld   |   input_14_V   |    pointer   |
|input_14_V_ap_vld  | out |    1|   ap_vld   |   input_14_V   |    pointer   |
|input_15_axi_V     |  in |   24|   ap_none  | input_15_axi_V |    scalar    |
|input_15_V         | out |   24|   ap_vld   |   input_15_V   |    pointer   |
|input_15_V_ap_vld  | out |    1|   ap_vld   |   input_15_V   |    pointer   |
|input_16_axi_V     |  in |   32|   ap_none  | input_16_axi_V |    scalar    |
|input_16_V         | out |   32|   ap_vld   |   input_16_V   |    pointer   |
|input_16_V_ap_vld  | out |    1|   ap_vld   |   input_16_V   |    pointer   |
|input_17_axi_V     |  in |   16|   ap_none  | input_17_axi_V |    scalar    |
|input_17_V         | out |   16|   ap_vld   |   input_17_V   |    pointer   |
|input_17_V_ap_vld  | out |    1|   ap_vld   |   input_17_V   |    pointer   |
|input_18_axi_V     |  in |   16|   ap_none  | input_18_axi_V |    scalar    |
|input_18_V         | out |   16|   ap_vld   |   input_18_V   |    pointer   |
|input_18_V_ap_vld  | out |    1|   ap_vld   |   input_18_V   |    pointer   |
|input_19_axi_V     |  in |   24|   ap_none  | input_19_axi_V |    scalar    |
|input_19_V         | out |   24|   ap_vld   |   input_19_V   |    pointer   |
|input_19_V_ap_vld  | out |    1|   ap_vld   |   input_19_V   |    pointer   |
|input_20_axi_V     |  in |   32|   ap_none  | input_20_axi_V |    scalar    |
|input_20_V         | out |   32|   ap_vld   |   input_20_V   |    pointer   |
|input_20_V_ap_vld  | out |    1|   ap_vld   |   input_20_V   |    pointer   |
|input_21_axi_V     |  in |   16|   ap_none  | input_21_axi_V |    scalar    |
|input_21_V         | out |   16|   ap_vld   |   input_21_V   |    pointer   |
|input_21_V_ap_vld  | out |    1|   ap_vld   |   input_21_V   |    pointer   |
|input_22_axi_V     |  in |   16|   ap_none  | input_22_axi_V |    scalar    |
|input_22_V         | out |   16|   ap_vld   |   input_22_V   |    pointer   |
|input_22_V_ap_vld  | out |    1|   ap_vld   |   input_22_V   |    pointer   |
|input_23_axi_V     |  in |   24|   ap_none  | input_23_axi_V |    scalar    |
|input_23_V         | out |   24|   ap_vld   |   input_23_V   |    pointer   |
|input_23_V_ap_vld  | out |    1|   ap_vld   |   input_23_V   |    pointer   |
|input_24_axi_V     |  in |   32|   ap_none  | input_24_axi_V |    scalar    |
|input_24_V         | out |   32|   ap_vld   |   input_24_V   |    pointer   |
|input_24_V_ap_vld  | out |    1|   ap_vld   |   input_24_V   |    pointer   |
|input_25_axi_V     |  in |   16|   ap_none  | input_25_axi_V |    scalar    |
|input_25_V         | out |   16|   ap_vld   |   input_25_V   |    pointer   |
|input_25_V_ap_vld  | out |    1|   ap_vld   |   input_25_V   |    pointer   |
|input_26_axi_V     |  in |   16|   ap_none  | input_26_axi_V |    scalar    |
|input_26_V         | out |   16|   ap_vld   |   input_26_V   |    pointer   |
|input_26_V_ap_vld  | out |    1|   ap_vld   |   input_26_V   |    pointer   |
|input_27_axi_V     |  in |   24|   ap_none  | input_27_axi_V |    scalar    |
|input_27_V         | out |   24|   ap_vld   |   input_27_V   |    pointer   |
|input_27_V_ap_vld  | out |    1|   ap_vld   |   input_27_V   |    pointer   |
|input_28_axi_V     |  in |   32|   ap_none  | input_28_axi_V |    scalar    |
|input_28_V         | out |   32|   ap_vld   |   input_28_V   |    pointer   |
|input_28_V_ap_vld  | out |    1|   ap_vld   |   input_28_V   |    pointer   |
|input_29_axi_V     |  in |   16|   ap_none  | input_29_axi_V |    scalar    |
|input_29_V         | out |   16|   ap_vld   |   input_29_V   |    pointer   |
|input_29_V_ap_vld  | out |    1|   ap_vld   |   input_29_V   |    pointer   |
|input_30_axi_V     |  in |   16|   ap_none  | input_30_axi_V |    scalar    |
|input_30_V         | out |   16|   ap_vld   |   input_30_V   |    pointer   |
|input_30_V_ap_vld  | out |    1|   ap_vld   |   input_30_V   |    pointer   |
|input_31_axi_V     |  in |   24|   ap_none  | input_31_axi_V |    scalar    |
|input_31_V         | out |   24|   ap_vld   |   input_31_V   |    pointer   |
|input_31_V_ap_vld  | out |    1|   ap_vld   |   input_31_V   |    pointer   |
|input_32_axi_V     |  in |   32|   ap_none  | input_32_axi_V |    scalar    |
|input_32_V         | out |   32|   ap_vld   |   input_32_V   |    pointer   |
|input_32_V_ap_vld  | out |    1|   ap_vld   |   input_32_V   |    pointer   |
|input_33_axi_V     |  in |   16|   ap_none  | input_33_axi_V |    scalar    |
|input_33_V         | out |   16|   ap_vld   |   input_33_V   |    pointer   |
|input_33_V_ap_vld  | out |    1|   ap_vld   |   input_33_V   |    pointer   |
|input_34_axi_V     |  in |   16|   ap_none  | input_34_axi_V |    scalar    |
|input_34_V         | out |   16|   ap_vld   |   input_34_V   |    pointer   |
|input_34_V_ap_vld  | out |    1|   ap_vld   |   input_34_V   |    pointer   |
|input_35_axi_V     |  in |   24|   ap_none  | input_35_axi_V |    scalar    |
|input_35_V         | out |   24|   ap_vld   |   input_35_V   |    pointer   |
|input_35_V_ap_vld  | out |    1|   ap_vld   |   input_35_V   |    pointer   |
|input_36_axi_V     |  in |   32|   ap_none  | input_36_axi_V |    scalar    |
|input_36_V         | out |   32|   ap_vld   |   input_36_V   |    pointer   |
|input_36_V_ap_vld  | out |    1|   ap_vld   |   input_36_V   |    pointer   |
|input_37_axi_V     |  in |   16|   ap_none  | input_37_axi_V |    scalar    |
|input_37_V         | out |   16|   ap_vld   |   input_37_V   |    pointer   |
|input_37_V_ap_vld  | out |    1|   ap_vld   |   input_37_V   |    pointer   |
|input_38_axi_V     |  in |   16|   ap_none  | input_38_axi_V |    scalar    |
|input_38_V         | out |   16|   ap_vld   |   input_38_V   |    pointer   |
|input_38_V_ap_vld  | out |    1|   ap_vld   |   input_38_V   |    pointer   |
|input_39_axi_V     |  in |   24|   ap_none  | input_39_axi_V |    scalar    |
|input_39_V         | out |   24|   ap_vld   |   input_39_V   |    pointer   |
|input_39_V_ap_vld  | out |    1|   ap_vld   |   input_39_V   |    pointer   |
|input_40_axi_V     |  in |   32|   ap_none  | input_40_axi_V |    scalar    |
|input_40_V         | out |   32|   ap_vld   |   input_40_V   |    pointer   |
|input_40_V_ap_vld  | out |    1|   ap_vld   |   input_40_V   |    pointer   |
|input_41_axi_V     |  in |   16|   ap_none  | input_41_axi_V |    scalar    |
|input_41_V         | out |   16|   ap_vld   |   input_41_V   |    pointer   |
|input_41_V_ap_vld  | out |    1|   ap_vld   |   input_41_V   |    pointer   |
|input_42_axi_V     |  in |   16|   ap_none  | input_42_axi_V |    scalar    |
|input_42_V         | out |   16|   ap_vld   |   input_42_V   |    pointer   |
|input_42_V_ap_vld  | out |    1|   ap_vld   |   input_42_V   |    pointer   |
|input_43_axi_V     |  in |   24|   ap_none  | input_43_axi_V |    scalar    |
|input_43_V         | out |   24|   ap_vld   |   input_43_V   |    pointer   |
|input_43_V_ap_vld  | out |    1|   ap_vld   |   input_43_V   |    pointer   |
|input_44_axi_V     |  in |   32|   ap_none  | input_44_axi_V |    scalar    |
|input_44_V         | out |   32|   ap_vld   |   input_44_V   |    pointer   |
|input_44_V_ap_vld  | out |    1|   ap_vld   |   input_44_V   |    pointer   |
|input_45_axi_V     |  in |   16|   ap_none  | input_45_axi_V |    scalar    |
|input_45_V         | out |   16|   ap_vld   |   input_45_V   |    pointer   |
|input_45_V_ap_vld  | out |    1|   ap_vld   |   input_45_V   |    pointer   |
|input_46_axi_V     |  in |   16|   ap_none  | input_46_axi_V |    scalar    |
|input_46_V         | out |   16|   ap_vld   |   input_46_V   |    pointer   |
|input_46_V_ap_vld  | out |    1|   ap_vld   |   input_46_V   |    pointer   |
|input_47_axi_V     |  in |   24|   ap_none  | input_47_axi_V |    scalar    |
|input_47_V         | out |   24|   ap_vld   |   input_47_V   |    pointer   |
|input_47_V_ap_vld  | out |    1|   ap_vld   |   input_47_V   |    pointer   |
|input_48_axi_V     |  in |   32|   ap_none  | input_48_axi_V |    scalar    |
|input_48_V         | out |   32|   ap_vld   |   input_48_V   |    pointer   |
|input_48_V_ap_vld  | out |    1|   ap_vld   |   input_48_V   |    pointer   |
|input_49_axi_V     |  in |   16|   ap_none  | input_49_axi_V |    scalar    |
|input_49_V         | out |   16|   ap_vld   |   input_49_V   |    pointer   |
|input_49_V_ap_vld  | out |    1|   ap_vld   |   input_49_V   |    pointer   |
|input_50_axi_V     |  in |   16|   ap_none  | input_50_axi_V |    scalar    |
|input_50_V         | out |   16|   ap_vld   |   input_50_V   |    pointer   |
|input_50_V_ap_vld  | out |    1|   ap_vld   |   input_50_V   |    pointer   |
|input_51_axi_V     |  in |   24|   ap_none  | input_51_axi_V |    scalar    |
|input_51_V         | out |   24|   ap_vld   |   input_51_V   |    pointer   |
|input_51_V_ap_vld  | out |    1|   ap_vld   |   input_51_V   |    pointer   |
|input_52_axi_V     |  in |   32|   ap_none  | input_52_axi_V |    scalar    |
|input_52_V         | out |   32|   ap_vld   |   input_52_V   |    pointer   |
|input_52_V_ap_vld  | out |    1|   ap_vld   |   input_52_V   |    pointer   |
|input_53_axi_V     |  in |   16|   ap_none  | input_53_axi_V |    scalar    |
|input_53_V         | out |   16|   ap_vld   |   input_53_V   |    pointer   |
|input_53_V_ap_vld  | out |    1|   ap_vld   |   input_53_V   |    pointer   |
|input_54_axi_V     |  in |   16|   ap_none  | input_54_axi_V |    scalar    |
|input_54_V         | out |   16|   ap_vld   |   input_54_V   |    pointer   |
|input_54_V_ap_vld  | out |    1|   ap_vld   |   input_54_V   |    pointer   |
|input_55_axi_V     |  in |   24|   ap_none  | input_55_axi_V |    scalar    |
|input_55_V         | out |   24|   ap_vld   |   input_55_V   |    pointer   |
|input_55_V_ap_vld  | out |    1|   ap_vld   |   input_55_V   |    pointer   |
|input_56_axi_V     |  in |   32|   ap_none  | input_56_axi_V |    scalar    |
|input_56_V         | out |   32|   ap_vld   |   input_56_V   |    pointer   |
|input_56_V_ap_vld  | out |    1|   ap_vld   |   input_56_V   |    pointer   |
|input_57_axi_V     |  in |   16|   ap_none  | input_57_axi_V |    scalar    |
|input_57_V         | out |   16|   ap_vld   |   input_57_V   |    pointer   |
|input_57_V_ap_vld  | out |    1|   ap_vld   |   input_57_V   |    pointer   |
|input_58_axi_V     |  in |   16|   ap_none  | input_58_axi_V |    scalar    |
|input_58_V         | out |   16|   ap_vld   |   input_58_V   |    pointer   |
|input_58_V_ap_vld  | out |    1|   ap_vld   |   input_58_V   |    pointer   |
|input_59_axi_V     |  in |   24|   ap_none  | input_59_axi_V |    scalar    |
|input_59_V         | out |   24|   ap_vld   |   input_59_V   |    pointer   |
|input_59_V_ap_vld  | out |    1|   ap_vld   |   input_59_V   |    pointer   |
|input_60_axi_V     |  in |   32|   ap_none  | input_60_axi_V |    scalar    |
|input_60_V         | out |   32|   ap_vld   |   input_60_V   |    pointer   |
|input_60_V_ap_vld  | out |    1|   ap_vld   |   input_60_V   |    pointer   |
|input_61_axi_V     |  in |   16|   ap_none  | input_61_axi_V |    scalar    |
|input_61_V         | out |   16|   ap_vld   |   input_61_V   |    pointer   |
|input_61_V_ap_vld  | out |    1|   ap_vld   |   input_61_V   |    pointer   |
|input_62_axi_V     |  in |   16|   ap_none  | input_62_axi_V |    scalar    |
|input_62_V         | out |   16|   ap_vld   |   input_62_V   |    pointer   |
|input_62_V_ap_vld  | out |    1|   ap_vld   |   input_62_V   |    pointer   |
|input_63_axi_V     |  in |   24|   ap_none  | input_63_axi_V |    scalar    |
|input_63_V         | out |   24|   ap_vld   |   input_63_V   |    pointer   |
|input_63_V_ap_vld  | out |    1|   ap_vld   |   input_63_V   |    pointer   |
+-------------------+-----+-----+------------+----------------+--------------+

