

================================================================
== Vivado HLS Report for 'Block_proc'
================================================================
* Date:           Wed Jan 27 13:58:23 2021

* Version:        2018.3 (Build 2405991 on Thu Dec 06 23:56:15 MST 2018)
* Project:        gpio
* Solution:       solution1
* Product family: virtexuplus
* Target device:  xcu250-figd2104-2L-e


================================================================
== Performance Estimates
================================================================
+ Timing (ns): 
    * Summary: 
    +--------+-------+----------+------------+
    |  Clock | Target| Estimated| Uncertainty|
    +--------+-------+----------+------------+
    |ap_clk  |   3.00|     0.000|        0.38|
    +--------+-------+----------+------------+

+ Latency (clock cycles): 
    * Summary: 
    +-----+-----+-----+-----+---------+
    |  Latency  |  Interval | Pipeline|
    | min | max | min | max |   Type  |
    +-----+-----+-----+-----+---------+
    |    0|    0|    0|    0|   none  |
    +-----+-----+-----+-----+---------+

    + Detail: 
        * Instance: 
        N/A

        * Loop: 
        N/A

============================================================
+ Verbose Summary: Synthesis Manager
============================================================
InlineROM: 1
ExposeGlobal: 0
============================================================
+ Verbose Summary: CDFG Model
============================================================
IsTopModel: 0
ResetActiveHigh: 1
IsCombinational: 2
IsDatapathOnly: 0
HasWiredReturn: 1
HasMFsm: 0
HasVarLatency: 0
IsPipeline: 0
IsRtlPipelined: 0
IsInstanceOverlapped: 0
IsDontTouch: 0
HasImplIP: 0
IsGatedGlobalClock: 0


============================================================
+ Verbose Summary: Schedule
============================================================
* Number of FSM states : 1
* Pipeline : 0
* Dataflow Pipeline: 0

* FSM state transitions: 
1 --> 

* FSM state operations: 

State 1 <SV = 0> <Delay = 0.00>
ST_1 : Operation 2 [1/1] (0.00ns)   --->   "call void (...)* @_ssdm_op_SpecIFCore(i24 %input_63_axi_V, [1 x i8]* @p_str, [10 x i8]* @p_str3, [1 x i8]* @p_str, i32 -1, [1 x i8]* @p_str, [1 x i8]* @p_str, [1 x i8]* @p_str, [1 x i8]* @p_str, [18 x i8]* @p_str4)"   --->   Operation 2 'specifcore' <Predicate = true> <Delay = 0.00>
ST_1 : Operation 3 [1/1] (0.00ns)   --->   "call void (...)* @_ssdm_op_SpecIFCore(i16 %input_62_axi_V, [1 x i8]* @p_str, [10 x i8]* @p_str3, [1 x i8]* @p_str, i32 -1, [1 x i8]* @p_str, [1 x i8]* @p_str, [1 x i8]* @p_str, [1 x i8]* @p_str, [18 x i8]* @p_str4)"   --->   Operation 3 'specifcore' <Predicate = true> <Delay = 0.00>
ST_1 : Operation 4 [1/1] (0.00ns)   --->   "call void (...)* @_ssdm_op_SpecIFCore(i16 %input_61_axi_V, [1 x i8]* @p_str, [10 x i8]* @p_str3, [1 x i8]* @p_str, i32 -1, [1 x i8]* @p_str, [1 x i8]* @p_str, [1 x i8]* @p_str, [1 x i8]* @p_str, [18 x i8]* @p_str4)"   --->   Operation 4 'specifcore' <Predicate = true> <Delay = 0.00>
ST_1 : Operation 5 [1/1] (0.00ns)   --->   "call void (...)* @_ssdm_op_SpecIFCore(i32 %input_60_axi_V, [1 x i8]* @p_str, [10 x i8]* @p_str3, [1 x i8]* @p_str, i32 -1, [1 x i8]* @p_str, [1 x i8]* @p_str, [1 x i8]* @p_str, [1 x i8]* @p_str, [18 x i8]* @p_str4)"   --->   Operation 5 'specifcore' <Predicate = true> <Delay = 0.00>
ST_1 : Operation 6 [1/1] (0.00ns)   --->   "call void (...)* @_ssdm_op_SpecIFCore(i24 %input_59_axi_V, [1 x i8]* @p_str, [10 x i8]* @p_str3, [1 x i8]* @p_str, i32 -1, [1 x i8]* @p_str, [1 x i8]* @p_str, [1 x i8]* @p_str, [1 x i8]* @p_str, [18 x i8]* @p_str4)"   --->   Operation 6 'specifcore' <Predicate = true> <Delay = 0.00>
ST_1 : Operation 7 [1/1] (0.00ns)   --->   "call void (...)* @_ssdm_op_SpecIFCore(i16 %input_58_axi_V, [1 x i8]* @p_str, [10 x i8]* @p_str3, [1 x i8]* @p_str, i32 -1, [1 x i8]* @p_str, [1 x i8]* @p_str, [1 x i8]* @p_str, [1 x i8]* @p_str, [18 x i8]* @p_str4)"   --->   Operation 7 'specifcore' <Predicate = true> <Delay = 0.00>
ST_1 : Operation 8 [1/1] (0.00ns)   --->   "call void (...)* @_ssdm_op_SpecIFCore(i16 %input_57_axi_V, [1 x i8]* @p_str, [10 x i8]* @p_str3, [1 x i8]* @p_str, i32 -1, [1 x i8]* @p_str, [1 x i8]* @p_str, [1 x i8]* @p_str, [1 x i8]* @p_str, [18 x i8]* @p_str4)"   --->   Operation 8 'specifcore' <Predicate = true> <Delay = 0.00>
ST_1 : Operation 9 [1/1] (0.00ns)   --->   "call void (...)* @_ssdm_op_SpecIFCore(i32 %input_56_axi_V, [1 x i8]* @p_str, [10 x i8]* @p_str3, [1 x i8]* @p_str, i32 -1, [1 x i8]* @p_str, [1 x i8]* @p_str, [1 x i8]* @p_str, [1 x i8]* @p_str, [18 x i8]* @p_str4)"   --->   Operation 9 'specifcore' <Predicate = true> <Delay = 0.00>
ST_1 : Operation 10 [1/1] (0.00ns)   --->   "call void (...)* @_ssdm_op_SpecIFCore(i24 %input_55_axi_V, [1 x i8]* @p_str, [10 x i8]* @p_str3, [1 x i8]* @p_str, i32 -1, [1 x i8]* @p_str, [1 x i8]* @p_str, [1 x i8]* @p_str, [1 x i8]* @p_str, [18 x i8]* @p_str4)"   --->   Operation 10 'specifcore' <Predicate = true> <Delay = 0.00>
ST_1 : Operation 11 [1/1] (0.00ns)   --->   "call void (...)* @_ssdm_op_SpecIFCore(i16 %input_54_axi_V, [1 x i8]* @p_str, [10 x i8]* @p_str3, [1 x i8]* @p_str, i32 -1, [1 x i8]* @p_str, [1 x i8]* @p_str, [1 x i8]* @p_str, [1 x i8]* @p_str, [18 x i8]* @p_str4)"   --->   Operation 11 'specifcore' <Predicate = true> <Delay = 0.00>
ST_1 : Operation 12 [1/1] (0.00ns)   --->   "call void (...)* @_ssdm_op_SpecIFCore(i16 %input_53_axi_V, [1 x i8]* @p_str, [10 x i8]* @p_str3, [1 x i8]* @p_str, i32 -1, [1 x i8]* @p_str, [1 x i8]* @p_str, [1 x i8]* @p_str, [1 x i8]* @p_str, [18 x i8]* @p_str4)"   --->   Operation 12 'specifcore' <Predicate = true> <Delay = 0.00>
ST_1 : Operation 13 [1/1] (0.00ns)   --->   "call void (...)* @_ssdm_op_SpecIFCore(i32 %input_52_axi_V, [1 x i8]* @p_str, [10 x i8]* @p_str3, [1 x i8]* @p_str, i32 -1, [1 x i8]* @p_str, [1 x i8]* @p_str, [1 x i8]* @p_str, [1 x i8]* @p_str, [18 x i8]* @p_str4)"   --->   Operation 13 'specifcore' <Predicate = true> <Delay = 0.00>
ST_1 : Operation 14 [1/1] (0.00ns)   --->   "call void (...)* @_ssdm_op_SpecIFCore(i24 %input_51_axi_V, [1 x i8]* @p_str, [10 x i8]* @p_str3, [1 x i8]* @p_str, i32 -1, [1 x i8]* @p_str, [1 x i8]* @p_str, [1 x i8]* @p_str, [1 x i8]* @p_str, [18 x i8]* @p_str4)"   --->   Operation 14 'specifcore' <Predicate = true> <Delay = 0.00>
ST_1 : Operation 15 [1/1] (0.00ns)   --->   "call void (...)* @_ssdm_op_SpecIFCore(i16 %input_50_axi_V, [1 x i8]* @p_str, [10 x i8]* @p_str3, [1 x i8]* @p_str, i32 -1, [1 x i8]* @p_str, [1 x i8]* @p_str, [1 x i8]* @p_str, [1 x i8]* @p_str, [18 x i8]* @p_str4)"   --->   Operation 15 'specifcore' <Predicate = true> <Delay = 0.00>
ST_1 : Operation 16 [1/1] (0.00ns)   --->   "call void (...)* @_ssdm_op_SpecIFCore(i16 %input_49_axi_V, [1 x i8]* @p_str, [10 x i8]* @p_str3, [1 x i8]* @p_str, i32 -1, [1 x i8]* @p_str, [1 x i8]* @p_str, [1 x i8]* @p_str, [1 x i8]* @p_str, [18 x i8]* @p_str4)"   --->   Operation 16 'specifcore' <Predicate = true> <Delay = 0.00>
ST_1 : Operation 17 [1/1] (0.00ns)   --->   "call void (...)* @_ssdm_op_SpecIFCore(i32 %input_48_axi_V, [1 x i8]* @p_str, [10 x i8]* @p_str3, [1 x i8]* @p_str, i32 -1, [1 x i8]* @p_str, [1 x i8]* @p_str, [1 x i8]* @p_str, [1 x i8]* @p_str, [18 x i8]* @p_str4)"   --->   Operation 17 'specifcore' <Predicate = true> <Delay = 0.00>
ST_1 : Operation 18 [1/1] (0.00ns)   --->   "call void (...)* @_ssdm_op_SpecIFCore(i24 %input_47_axi_V, [1 x i8]* @p_str, [10 x i8]* @p_str3, [1 x i8]* @p_str, i32 -1, [1 x i8]* @p_str, [1 x i8]* @p_str, [1 x i8]* @p_str, [1 x i8]* @p_str, [18 x i8]* @p_str4)"   --->   Operation 18 'specifcore' <Predicate = true> <Delay = 0.00>
ST_1 : Operation 19 [1/1] (0.00ns)   --->   "call void (...)* @_ssdm_op_SpecIFCore(i16 %input_46_axi_V, [1 x i8]* @p_str, [10 x i8]* @p_str3, [1 x i8]* @p_str, i32 -1, [1 x i8]* @p_str, [1 x i8]* @p_str, [1 x i8]* @p_str, [1 x i8]* @p_str, [18 x i8]* @p_str4)"   --->   Operation 19 'specifcore' <Predicate = true> <Delay = 0.00>
ST_1 : Operation 20 [1/1] (0.00ns)   --->   "call void (...)* @_ssdm_op_SpecIFCore(i16 %input_45_axi_V, [1 x i8]* @p_str, [10 x i8]* @p_str3, [1 x i8]* @p_str, i32 -1, [1 x i8]* @p_str, [1 x i8]* @p_str, [1 x i8]* @p_str, [1 x i8]* @p_str, [18 x i8]* @p_str4)"   --->   Operation 20 'specifcore' <Predicate = true> <Delay = 0.00>
ST_1 : Operation 21 [1/1] (0.00ns)   --->   "call void (...)* @_ssdm_op_SpecIFCore(i32 %input_44_axi_V, [1 x i8]* @p_str, [10 x i8]* @p_str3, [1 x i8]* @p_str, i32 -1, [1 x i8]* @p_str, [1 x i8]* @p_str, [1 x i8]* @p_str, [1 x i8]* @p_str, [18 x i8]* @p_str4)"   --->   Operation 21 'specifcore' <Predicate = true> <Delay = 0.00>
ST_1 : Operation 22 [1/1] (0.00ns)   --->   "call void (...)* @_ssdm_op_SpecIFCore(i24 %input_43_axi_V, [1 x i8]* @p_str, [10 x i8]* @p_str3, [1 x i8]* @p_str, i32 -1, [1 x i8]* @p_str, [1 x i8]* @p_str, [1 x i8]* @p_str, [1 x i8]* @p_str, [18 x i8]* @p_str4)"   --->   Operation 22 'specifcore' <Predicate = true> <Delay = 0.00>
ST_1 : Operation 23 [1/1] (0.00ns)   --->   "call void (...)* @_ssdm_op_SpecIFCore(i16 %input_42_axi_V, [1 x i8]* @p_str, [10 x i8]* @p_str3, [1 x i8]* @p_str, i32 -1, [1 x i8]* @p_str, [1 x i8]* @p_str, [1 x i8]* @p_str, [1 x i8]* @p_str, [18 x i8]* @p_str4)"   --->   Operation 23 'specifcore' <Predicate = true> <Delay = 0.00>
ST_1 : Operation 24 [1/1] (0.00ns)   --->   "call void (...)* @_ssdm_op_SpecIFCore(i16 %input_41_axi_V, [1 x i8]* @p_str, [10 x i8]* @p_str3, [1 x i8]* @p_str, i32 -1, [1 x i8]* @p_str, [1 x i8]* @p_str, [1 x i8]* @p_str, [1 x i8]* @p_str, [18 x i8]* @p_str4)"   --->   Operation 24 'specifcore' <Predicate = true> <Delay = 0.00>
ST_1 : Operation 25 [1/1] (0.00ns)   --->   "call void (...)* @_ssdm_op_SpecIFCore(i32 %input_40_axi_V, [1 x i8]* @p_str, [10 x i8]* @p_str3, [1 x i8]* @p_str, i32 -1, [1 x i8]* @p_str, [1 x i8]* @p_str, [1 x i8]* @p_str, [1 x i8]* @p_str, [18 x i8]* @p_str4)"   --->   Operation 25 'specifcore' <Predicate = true> <Delay = 0.00>
ST_1 : Operation 26 [1/1] (0.00ns)   --->   "call void (...)* @_ssdm_op_SpecIFCore(i24 %input_39_axi_V, [1 x i8]* @p_str, [10 x i8]* @p_str3, [1 x i8]* @p_str, i32 -1, [1 x i8]* @p_str, [1 x i8]* @p_str, [1 x i8]* @p_str, [1 x i8]* @p_str, [18 x i8]* @p_str4)"   --->   Operation 26 'specifcore' <Predicate = true> <Delay = 0.00>
ST_1 : Operation 27 [1/1] (0.00ns)   --->   "call void (...)* @_ssdm_op_SpecIFCore(i16 %input_38_axi_V, [1 x i8]* @p_str, [10 x i8]* @p_str3, [1 x i8]* @p_str, i32 -1, [1 x i8]* @p_str, [1 x i8]* @p_str, [1 x i8]* @p_str, [1 x i8]* @p_str, [18 x i8]* @p_str4)"   --->   Operation 27 'specifcore' <Predicate = true> <Delay = 0.00>
ST_1 : Operation 28 [1/1] (0.00ns)   --->   "call void (...)* @_ssdm_op_SpecIFCore(i16 %input_37_axi_V, [1 x i8]* @p_str, [10 x i8]* @p_str3, [1 x i8]* @p_str, i32 -1, [1 x i8]* @p_str, [1 x i8]* @p_str, [1 x i8]* @p_str, [1 x i8]* @p_str, [18 x i8]* @p_str4)"   --->   Operation 28 'specifcore' <Predicate = true> <Delay = 0.00>
ST_1 : Operation 29 [1/1] (0.00ns)   --->   "call void (...)* @_ssdm_op_SpecIFCore(i32 %input_36_axi_V, [1 x i8]* @p_str, [10 x i8]* @p_str3, [1 x i8]* @p_str, i32 -1, [1 x i8]* @p_str, [1 x i8]* @p_str, [1 x i8]* @p_str, [1 x i8]* @p_str, [18 x i8]* @p_str4)"   --->   Operation 29 'specifcore' <Predicate = true> <Delay = 0.00>
ST_1 : Operation 30 [1/1] (0.00ns)   --->   "call void (...)* @_ssdm_op_SpecIFCore(i24 %input_35_axi_V, [1 x i8]* @p_str, [10 x i8]* @p_str3, [1 x i8]* @p_str, i32 -1, [1 x i8]* @p_str, [1 x i8]* @p_str, [1 x i8]* @p_str, [1 x i8]* @p_str, [18 x i8]* @p_str4)"   --->   Operation 30 'specifcore' <Predicate = true> <Delay = 0.00>
ST_1 : Operation 31 [1/1] (0.00ns)   --->   "call void (...)* @_ssdm_op_SpecIFCore(i16 %input_34_axi_V, [1 x i8]* @p_str, [10 x i8]* @p_str3, [1 x i8]* @p_str, i32 -1, [1 x i8]* @p_str, [1 x i8]* @p_str, [1 x i8]* @p_str, [1 x i8]* @p_str, [18 x i8]* @p_str4)"   --->   Operation 31 'specifcore' <Predicate = true> <Delay = 0.00>
ST_1 : Operation 32 [1/1] (0.00ns)   --->   "call void (...)* @_ssdm_op_SpecIFCore(i16 %input_33_axi_V, [1 x i8]* @p_str, [10 x i8]* @p_str3, [1 x i8]* @p_str, i32 -1, [1 x i8]* @p_str, [1 x i8]* @p_str, [1 x i8]* @p_str, [1 x i8]* @p_str, [18 x i8]* @p_str4)"   --->   Operation 32 'specifcore' <Predicate = true> <Delay = 0.00>
ST_1 : Operation 33 [1/1] (0.00ns)   --->   "call void (...)* @_ssdm_op_SpecIFCore(i32 %input_32_axi_V, [1 x i8]* @p_str, [10 x i8]* @p_str3, [1 x i8]* @p_str, i32 -1, [1 x i8]* @p_str, [1 x i8]* @p_str, [1 x i8]* @p_str, [1 x i8]* @p_str, [18 x i8]* @p_str4)"   --->   Operation 33 'specifcore' <Predicate = true> <Delay = 0.00>
ST_1 : Operation 34 [1/1] (0.00ns)   --->   "call void (...)* @_ssdm_op_SpecIFCore(i24 %input_31_axi_V, [1 x i8]* @p_str, [10 x i8]* @p_str3, [1 x i8]* @p_str, i32 -1, [1 x i8]* @p_str, [1 x i8]* @p_str, [1 x i8]* @p_str, [1 x i8]* @p_str, [18 x i8]* @p_str4)"   --->   Operation 34 'specifcore' <Predicate = true> <Delay = 0.00>
ST_1 : Operation 35 [1/1] (0.00ns)   --->   "call void (...)* @_ssdm_op_SpecIFCore(i16 %input_30_axi_V, [1 x i8]* @p_str, [10 x i8]* @p_str3, [1 x i8]* @p_str, i32 -1, [1 x i8]* @p_str, [1 x i8]* @p_str, [1 x i8]* @p_str, [1 x i8]* @p_str, [18 x i8]* @p_str4)"   --->   Operation 35 'specifcore' <Predicate = true> <Delay = 0.00>
ST_1 : Operation 36 [1/1] (0.00ns)   --->   "call void (...)* @_ssdm_op_SpecIFCore(i16 %input_29_axi_V, [1 x i8]* @p_str, [10 x i8]* @p_str3, [1 x i8]* @p_str, i32 -1, [1 x i8]* @p_str, [1 x i8]* @p_str, [1 x i8]* @p_str, [1 x i8]* @p_str, [18 x i8]* @p_str4)"   --->   Operation 36 'specifcore' <Predicate = true> <Delay = 0.00>
ST_1 : Operation 37 [1/1] (0.00ns)   --->   "call void (...)* @_ssdm_op_SpecIFCore(i32 %input_28_axi_V, [1 x i8]* @p_str, [10 x i8]* @p_str3, [1 x i8]* @p_str, i32 -1, [1 x i8]* @p_str, [1 x i8]* @p_str, [1 x i8]* @p_str, [1 x i8]* @p_str, [18 x i8]* @p_str4)"   --->   Operation 37 'specifcore' <Predicate = true> <Delay = 0.00>
ST_1 : Operation 38 [1/1] (0.00ns)   --->   "call void (...)* @_ssdm_op_SpecIFCore(i24 %input_27_axi_V, [1 x i8]* @p_str, [10 x i8]* @p_str3, [1 x i8]* @p_str, i32 -1, [1 x i8]* @p_str, [1 x i8]* @p_str, [1 x i8]* @p_str, [1 x i8]* @p_str, [18 x i8]* @p_str4)"   --->   Operation 38 'specifcore' <Predicate = true> <Delay = 0.00>
ST_1 : Operation 39 [1/1] (0.00ns)   --->   "call void (...)* @_ssdm_op_SpecIFCore(i16 %input_26_axi_V, [1 x i8]* @p_str, [10 x i8]* @p_str3, [1 x i8]* @p_str, i32 -1, [1 x i8]* @p_str, [1 x i8]* @p_str, [1 x i8]* @p_str, [1 x i8]* @p_str, [18 x i8]* @p_str4)"   --->   Operation 39 'specifcore' <Predicate = true> <Delay = 0.00>
ST_1 : Operation 40 [1/1] (0.00ns)   --->   "call void (...)* @_ssdm_op_SpecIFCore(i16 %input_25_axi_V, [1 x i8]* @p_str, [10 x i8]* @p_str3, [1 x i8]* @p_str, i32 -1, [1 x i8]* @p_str, [1 x i8]* @p_str, [1 x i8]* @p_str, [1 x i8]* @p_str, [18 x i8]* @p_str4)"   --->   Operation 40 'specifcore' <Predicate = true> <Delay = 0.00>
ST_1 : Operation 41 [1/1] (0.00ns)   --->   "call void (...)* @_ssdm_op_SpecIFCore(i32 %input_24_axi_V, [1 x i8]* @p_str, [10 x i8]* @p_str3, [1 x i8]* @p_str, i32 -1, [1 x i8]* @p_str, [1 x i8]* @p_str, [1 x i8]* @p_str, [1 x i8]* @p_str, [18 x i8]* @p_str4)"   --->   Operation 41 'specifcore' <Predicate = true> <Delay = 0.00>
ST_1 : Operation 42 [1/1] (0.00ns)   --->   "call void (...)* @_ssdm_op_SpecIFCore(i24 %input_23_axi_V, [1 x i8]* @p_str, [10 x i8]* @p_str3, [1 x i8]* @p_str, i32 -1, [1 x i8]* @p_str, [1 x i8]* @p_str, [1 x i8]* @p_str, [1 x i8]* @p_str, [18 x i8]* @p_str4)"   --->   Operation 42 'specifcore' <Predicate = true> <Delay = 0.00>
ST_1 : Operation 43 [1/1] (0.00ns)   --->   "call void (...)* @_ssdm_op_SpecIFCore(i16 %input_22_axi_V, [1 x i8]* @p_str, [10 x i8]* @p_str3, [1 x i8]* @p_str, i32 -1, [1 x i8]* @p_str, [1 x i8]* @p_str, [1 x i8]* @p_str, [1 x i8]* @p_str, [18 x i8]* @p_str4)"   --->   Operation 43 'specifcore' <Predicate = true> <Delay = 0.00>
ST_1 : Operation 44 [1/1] (0.00ns)   --->   "call void (...)* @_ssdm_op_SpecIFCore(i16 %input_21_axi_V, [1 x i8]* @p_str, [10 x i8]* @p_str3, [1 x i8]* @p_str, i32 -1, [1 x i8]* @p_str, [1 x i8]* @p_str, [1 x i8]* @p_str, [1 x i8]* @p_str, [18 x i8]* @p_str4)"   --->   Operation 44 'specifcore' <Predicate = true> <Delay = 0.00>
ST_1 : Operation 45 [1/1] (0.00ns)   --->   "call void (...)* @_ssdm_op_SpecIFCore(i32 %input_20_axi_V, [1 x i8]* @p_str, [10 x i8]* @p_str3, [1 x i8]* @p_str, i32 -1, [1 x i8]* @p_str, [1 x i8]* @p_str, [1 x i8]* @p_str, [1 x i8]* @p_str, [18 x i8]* @p_str4)"   --->   Operation 45 'specifcore' <Predicate = true> <Delay = 0.00>
ST_1 : Operation 46 [1/1] (0.00ns)   --->   "call void (...)* @_ssdm_op_SpecIFCore(i24 %input_19_axi_V, [1 x i8]* @p_str, [10 x i8]* @p_str3, [1 x i8]* @p_str, i32 -1, [1 x i8]* @p_str, [1 x i8]* @p_str, [1 x i8]* @p_str, [1 x i8]* @p_str, [18 x i8]* @p_str4)"   --->   Operation 46 'specifcore' <Predicate = true> <Delay = 0.00>
ST_1 : Operation 47 [1/1] (0.00ns)   --->   "call void (...)* @_ssdm_op_SpecIFCore(i16 %input_18_axi_V, [1 x i8]* @p_str, [10 x i8]* @p_str3, [1 x i8]* @p_str, i32 -1, [1 x i8]* @p_str, [1 x i8]* @p_str, [1 x i8]* @p_str, [1 x i8]* @p_str, [18 x i8]* @p_str4)"   --->   Operation 47 'specifcore' <Predicate = true> <Delay = 0.00>
ST_1 : Operation 48 [1/1] (0.00ns)   --->   "call void (...)* @_ssdm_op_SpecIFCore(i16 %input_17_axi_V, [1 x i8]* @p_str, [10 x i8]* @p_str3, [1 x i8]* @p_str, i32 -1, [1 x i8]* @p_str, [1 x i8]* @p_str, [1 x i8]* @p_str, [1 x i8]* @p_str, [18 x i8]* @p_str4)"   --->   Operation 48 'specifcore' <Predicate = true> <Delay = 0.00>
ST_1 : Operation 49 [1/1] (0.00ns)   --->   "call void (...)* @_ssdm_op_SpecIFCore(i32 %input_16_axi_V, [1 x i8]* @p_str, [10 x i8]* @p_str3, [1 x i8]* @p_str, i32 -1, [1 x i8]* @p_str, [1 x i8]* @p_str, [1 x i8]* @p_str, [1 x i8]* @p_str, [18 x i8]* @p_str4)"   --->   Operation 49 'specifcore' <Predicate = true> <Delay = 0.00>
ST_1 : Operation 50 [1/1] (0.00ns)   --->   "call void (...)* @_ssdm_op_SpecIFCore(i24 %input_15_axi_V, [1 x i8]* @p_str, [10 x i8]* @p_str3, [1 x i8]* @p_str, i32 -1, [1 x i8]* @p_str, [1 x i8]* @p_str, [1 x i8]* @p_str, [1 x i8]* @p_str, [18 x i8]* @p_str4)"   --->   Operation 50 'specifcore' <Predicate = true> <Delay = 0.00>
ST_1 : Operation 51 [1/1] (0.00ns)   --->   "call void (...)* @_ssdm_op_SpecIFCore(i16 %input_14_axi_V, [1 x i8]* @p_str, [10 x i8]* @p_str3, [1 x i8]* @p_str, i32 -1, [1 x i8]* @p_str, [1 x i8]* @p_str, [1 x i8]* @p_str, [1 x i8]* @p_str, [18 x i8]* @p_str4)"   --->   Operation 51 'specifcore' <Predicate = true> <Delay = 0.00>
ST_1 : Operation 52 [1/1] (0.00ns)   --->   "call void (...)* @_ssdm_op_SpecIFCore(i16 %input_13_axi_V, [1 x i8]* @p_str, [10 x i8]* @p_str3, [1 x i8]* @p_str, i32 -1, [1 x i8]* @p_str, [1 x i8]* @p_str, [1 x i8]* @p_str, [1 x i8]* @p_str, [18 x i8]* @p_str4)"   --->   Operation 52 'specifcore' <Predicate = true> <Delay = 0.00>
ST_1 : Operation 53 [1/1] (0.00ns)   --->   "call void (...)* @_ssdm_op_SpecIFCore(i32 %input_12_axi_V, [1 x i8]* @p_str, [10 x i8]* @p_str3, [1 x i8]* @p_str, i32 -1, [1 x i8]* @p_str, [1 x i8]* @p_str, [1 x i8]* @p_str, [1 x i8]* @p_str, [18 x i8]* @p_str4)"   --->   Operation 53 'specifcore' <Predicate = true> <Delay = 0.00>
ST_1 : Operation 54 [1/1] (0.00ns)   --->   "call void (...)* @_ssdm_op_SpecIFCore(i24 %input_11_axi_V, [1 x i8]* @p_str, [10 x i8]* @p_str3, [1 x i8]* @p_str, i32 -1, [1 x i8]* @p_str, [1 x i8]* @p_str, [1 x i8]* @p_str, [1 x i8]* @p_str, [18 x i8]* @p_str4)"   --->   Operation 54 'specifcore' <Predicate = true> <Delay = 0.00>
ST_1 : Operation 55 [1/1] (0.00ns)   --->   "call void (...)* @_ssdm_op_SpecIFCore(i16 %input_10_axi_V, [1 x i8]* @p_str, [10 x i8]* @p_str3, [1 x i8]* @p_str, i32 -1, [1 x i8]* @p_str, [1 x i8]* @p_str, [1 x i8]* @p_str, [1 x i8]* @p_str, [18 x i8]* @p_str4)"   --->   Operation 55 'specifcore' <Predicate = true> <Delay = 0.00>
ST_1 : Operation 56 [1/1] (0.00ns)   --->   "call void (...)* @_ssdm_op_SpecIFCore(i16 %input_9_axi_V, [1 x i8]* @p_str, [10 x i8]* @p_str3, [1 x i8]* @p_str, i32 -1, [1 x i8]* @p_str, [1 x i8]* @p_str, [1 x i8]* @p_str, [1 x i8]* @p_str, [18 x i8]* @p_str4)"   --->   Operation 56 'specifcore' <Predicate = true> <Delay = 0.00>
ST_1 : Operation 57 [1/1] (0.00ns)   --->   "call void (...)* @_ssdm_op_SpecIFCore(i32 %input_8_axi_V, [1 x i8]* @p_str, [10 x i8]* @p_str3, [1 x i8]* @p_str, i32 -1, [1 x i8]* @p_str, [1 x i8]* @p_str, [1 x i8]* @p_str, [1 x i8]* @p_str, [18 x i8]* @p_str4)"   --->   Operation 57 'specifcore' <Predicate = true> <Delay = 0.00>
ST_1 : Operation 58 [1/1] (0.00ns)   --->   "call void (...)* @_ssdm_op_SpecIFCore(i24 %input_7_axi_V, [1 x i8]* @p_str, [10 x i8]* @p_str3, [1 x i8]* @p_str, i32 -1, [1 x i8]* @p_str, [1 x i8]* @p_str, [1 x i8]* @p_str, [1 x i8]* @p_str, [18 x i8]* @p_str4)"   --->   Operation 58 'specifcore' <Predicate = true> <Delay = 0.00>
ST_1 : Operation 59 [1/1] (0.00ns)   --->   "call void (...)* @_ssdm_op_SpecIFCore(i16 %input_6_axi_V, [1 x i8]* @p_str, [10 x i8]* @p_str3, [1 x i8]* @p_str, i32 -1, [1 x i8]* @p_str, [1 x i8]* @p_str, [1 x i8]* @p_str, [1 x i8]* @p_str, [18 x i8]* @p_str4)"   --->   Operation 59 'specifcore' <Predicate = true> <Delay = 0.00>
ST_1 : Operation 60 [1/1] (0.00ns)   --->   "call void (...)* @_ssdm_op_SpecIFCore(i16 %input_5_axi_V, [1 x i8]* @p_str, [10 x i8]* @p_str3, [1 x i8]* @p_str, i32 -1, [1 x i8]* @p_str, [1 x i8]* @p_str, [1 x i8]* @p_str, [1 x i8]* @p_str, [18 x i8]* @p_str4)"   --->   Operation 60 'specifcore' <Predicate = true> <Delay = 0.00>
ST_1 : Operation 61 [1/1] (0.00ns)   --->   "call void (...)* @_ssdm_op_SpecIFCore(i32 %input_4_axi_V, [1 x i8]* @p_str, [10 x i8]* @p_str3, [1 x i8]* @p_str, i32 -1, [1 x i8]* @p_str, [1 x i8]* @p_str, [1 x i8]* @p_str, [1 x i8]* @p_str, [18 x i8]* @p_str4)"   --->   Operation 61 'specifcore' <Predicate = true> <Delay = 0.00>
ST_1 : Operation 62 [1/1] (0.00ns)   --->   "call void (...)* @_ssdm_op_SpecIFCore(i24 %input_3_axi_V, [1 x i8]* @p_str, [10 x i8]* @p_str3, [1 x i8]* @p_str, i32 -1, [1 x i8]* @p_str, [1 x i8]* @p_str, [1 x i8]* @p_str, [1 x i8]* @p_str, [18 x i8]* @p_str4)"   --->   Operation 62 'specifcore' <Predicate = true> <Delay = 0.00>
ST_1 : Operation 63 [1/1] (0.00ns)   --->   "call void (...)* @_ssdm_op_SpecIFCore(i16 %input_2_axi_V, [1 x i8]* @p_str, [10 x i8]* @p_str3, [1 x i8]* @p_str, i32 -1, [1 x i8]* @p_str, [1 x i8]* @p_str, [1 x i8]* @p_str, [1 x i8]* @p_str, [18 x i8]* @p_str4)"   --->   Operation 63 'specifcore' <Predicate = true> <Delay = 0.00>
ST_1 : Operation 64 [1/1] (0.00ns)   --->   "call void (...)* @_ssdm_op_SpecIFCore(i16 %input_1_axi_V, [1 x i8]* @p_str, [10 x i8]* @p_str3, [1 x i8]* @p_str, i32 -1, [1 x i8]* @p_str, [1 x i8]* @p_str, [1 x i8]* @p_str, [1 x i8]* @p_str, [18 x i8]* @p_str4)"   --->   Operation 64 'specifcore' <Predicate = true> <Delay = 0.00>
ST_1 : Operation 65 [1/1] (0.00ns)   --->   "call void (...)* @_ssdm_op_SpecIFCore(i32 %input_0_axi_V, [1 x i8]* @p_str, [10 x i8]* @p_str3, [1 x i8]* @p_str, i32 -1, [1 x i8]* @p_str, [1 x i8]* @p_str, [1 x i8]* @p_str, [1 x i8]* @p_str, [18 x i8]* @p_str4)"   --->   Operation 65 'specifcore' <Predicate = true> <Delay = 0.00>
ST_1 : Operation 66 [1/1] (0.00ns)   --->   "%input_63_axi_V_read = call i24 @_ssdm_op_Read.ap_auto.i24(i24 %input_63_axi_V)" [AXI_GPIO.cpp:8775]   --->   Operation 66 'read' 'input_63_axi_V_read' <Predicate = true> <Delay = 0.00> <Core = "AXI4LiteS">   --->   Core 6 'AXI4LiteS' <Latency = 0> <II = 1> <Delay = 1.00> <Adapter> <Opcode : >
ST_1 : Operation 67 [1/1] (0.00ns)   --->   "%input_62_axi_V_read = call i16 @_ssdm_op_Read.ap_auto.i16(i16 %input_62_axi_V)" [AXI_GPIO.cpp:8775]   --->   Operation 67 'read' 'input_62_axi_V_read' <Predicate = true> <Delay = 0.00> <Core = "AXI4LiteS">   --->   Core 6 'AXI4LiteS' <Latency = 0> <II = 1> <Delay = 1.00> <Adapter> <Opcode : >
ST_1 : Operation 68 [1/1] (0.00ns)   --->   "%input_61_axi_V_read = call i16 @_ssdm_op_Read.ap_auto.i16(i16 %input_61_axi_V)" [AXI_GPIO.cpp:8775]   --->   Operation 68 'read' 'input_61_axi_V_read' <Predicate = true> <Delay = 0.00> <Core = "AXI4LiteS">   --->   Core 6 'AXI4LiteS' <Latency = 0> <II = 1> <Delay = 1.00> <Adapter> <Opcode : >
ST_1 : Operation 69 [1/1] (0.00ns)   --->   "%input_60_axi_V_read = call i32 @_ssdm_op_Read.ap_auto.i32(i32 %input_60_axi_V)" [AXI_GPIO.cpp:8775]   --->   Operation 69 'read' 'input_60_axi_V_read' <Predicate = true> <Delay = 0.00> <Core = "AXI4LiteS">   --->   Core 6 'AXI4LiteS' <Latency = 0> <II = 1> <Delay = 1.00> <Adapter> <Opcode : >
ST_1 : Operation 70 [1/1] (0.00ns)   --->   "%input_59_axi_V_read = call i24 @_ssdm_op_Read.ap_auto.i24(i24 %input_59_axi_V)" [AXI_GPIO.cpp:8775]   --->   Operation 70 'read' 'input_59_axi_V_read' <Predicate = true> <Delay = 0.00> <Core = "AXI4LiteS">   --->   Core 6 'AXI4LiteS' <Latency = 0> <II = 1> <Delay = 1.00> <Adapter> <Opcode : >
ST_1 : Operation 71 [1/1] (0.00ns)   --->   "%input_58_axi_V_read = call i16 @_ssdm_op_Read.ap_auto.i16(i16 %input_58_axi_V)" [AXI_GPIO.cpp:8775]   --->   Operation 71 'read' 'input_58_axi_V_read' <Predicate = true> <Delay = 0.00> <Core = "AXI4LiteS">   --->   Core 6 'AXI4LiteS' <Latency = 0> <II = 1> <Delay = 1.00> <Adapter> <Opcode : >
ST_1 : Operation 72 [1/1] (0.00ns)   --->   "%input_57_axi_V_read = call i16 @_ssdm_op_Read.ap_auto.i16(i16 %input_57_axi_V)" [AXI_GPIO.cpp:8775]   --->   Operation 72 'read' 'input_57_axi_V_read' <Predicate = true> <Delay = 0.00> <Core = "AXI4LiteS">   --->   Core 6 'AXI4LiteS' <Latency = 0> <II = 1> <Delay = 1.00> <Adapter> <Opcode : >
ST_1 : Operation 73 [1/1] (0.00ns)   --->   "%input_56_axi_V_read = call i32 @_ssdm_op_Read.ap_auto.i32(i32 %input_56_axi_V)" [AXI_GPIO.cpp:8775]   --->   Operation 73 'read' 'input_56_axi_V_read' <Predicate = true> <Delay = 0.00> <Core = "AXI4LiteS">   --->   Core 6 'AXI4LiteS' <Latency = 0> <II = 1> <Delay = 1.00> <Adapter> <Opcode : >
ST_1 : Operation 74 [1/1] (0.00ns)   --->   "%input_55_axi_V_read = call i24 @_ssdm_op_Read.ap_auto.i24(i24 %input_55_axi_V)" [AXI_GPIO.cpp:8775]   --->   Operation 74 'read' 'input_55_axi_V_read' <Predicate = true> <Delay = 0.00> <Core = "AXI4LiteS">   --->   Core 6 'AXI4LiteS' <Latency = 0> <II = 1> <Delay = 1.00> <Adapter> <Opcode : >
ST_1 : Operation 75 [1/1] (0.00ns)   --->   "%input_54_axi_V_read = call i16 @_ssdm_op_Read.ap_auto.i16(i16 %input_54_axi_V)" [AXI_GPIO.cpp:8775]   --->   Operation 75 'read' 'input_54_axi_V_read' <Predicate = true> <Delay = 0.00> <Core = "AXI4LiteS">   --->   Core 6 'AXI4LiteS' <Latency = 0> <II = 1> <Delay = 1.00> <Adapter> <Opcode : >
ST_1 : Operation 76 [1/1] (0.00ns)   --->   "%input_53_axi_V_read = call i16 @_ssdm_op_Read.ap_auto.i16(i16 %input_53_axi_V)" [AXI_GPIO.cpp:8775]   --->   Operation 76 'read' 'input_53_axi_V_read' <Predicate = true> <Delay = 0.00> <Core = "AXI4LiteS">   --->   Core 6 'AXI4LiteS' <Latency = 0> <II = 1> <Delay = 1.00> <Adapter> <Opcode : >
ST_1 : Operation 77 [1/1] (0.00ns)   --->   "%input_52_axi_V_read = call i32 @_ssdm_op_Read.ap_auto.i32(i32 %input_52_axi_V)" [AXI_GPIO.cpp:8775]   --->   Operation 77 'read' 'input_52_axi_V_read' <Predicate = true> <Delay = 0.00> <Core = "AXI4LiteS">   --->   Core 6 'AXI4LiteS' <Latency = 0> <II = 1> <Delay = 1.00> <Adapter> <Opcode : >
ST_1 : Operation 78 [1/1] (0.00ns)   --->   "%input_51_axi_V_read = call i24 @_ssdm_op_Read.ap_auto.i24(i24 %input_51_axi_V)" [AXI_GPIO.cpp:8775]   --->   Operation 78 'read' 'input_51_axi_V_read' <Predicate = true> <Delay = 0.00> <Core = "AXI4LiteS">   --->   Core 6 'AXI4LiteS' <Latency = 0> <II = 1> <Delay = 1.00> <Adapter> <Opcode : >
ST_1 : Operation 79 [1/1] (0.00ns)   --->   "%input_50_axi_V_read = call i16 @_ssdm_op_Read.ap_auto.i16(i16 %input_50_axi_V)" [AXI_GPIO.cpp:8775]   --->   Operation 79 'read' 'input_50_axi_V_read' <Predicate = true> <Delay = 0.00> <Core = "AXI4LiteS">   --->   Core 6 'AXI4LiteS' <Latency = 0> <II = 1> <Delay = 1.00> <Adapter> <Opcode : >
ST_1 : Operation 80 [1/1] (0.00ns)   --->   "%input_49_axi_V_read = call i16 @_ssdm_op_Read.ap_auto.i16(i16 %input_49_axi_V)" [AXI_GPIO.cpp:8775]   --->   Operation 80 'read' 'input_49_axi_V_read' <Predicate = true> <Delay = 0.00> <Core = "AXI4LiteS">   --->   Core 6 'AXI4LiteS' <Latency = 0> <II = 1> <Delay = 1.00> <Adapter> <Opcode : >
ST_1 : Operation 81 [1/1] (0.00ns)   --->   "%input_48_axi_V_read = call i32 @_ssdm_op_Read.ap_auto.i32(i32 %input_48_axi_V)" [AXI_GPIO.cpp:8775]   --->   Operation 81 'read' 'input_48_axi_V_read' <Predicate = true> <Delay = 0.00> <Core = "AXI4LiteS">   --->   Core 6 'AXI4LiteS' <Latency = 0> <II = 1> <Delay = 1.00> <Adapter> <Opcode : >
ST_1 : Operation 82 [1/1] (0.00ns)   --->   "%input_47_axi_V_read = call i24 @_ssdm_op_Read.ap_auto.i24(i24 %input_47_axi_V)" [AXI_GPIO.cpp:8775]   --->   Operation 82 'read' 'input_47_axi_V_read' <Predicate = true> <Delay = 0.00> <Core = "AXI4LiteS">   --->   Core 6 'AXI4LiteS' <Latency = 0> <II = 1> <Delay = 1.00> <Adapter> <Opcode : >
ST_1 : Operation 83 [1/1] (0.00ns)   --->   "%input_46_axi_V_read = call i16 @_ssdm_op_Read.ap_auto.i16(i16 %input_46_axi_V)" [AXI_GPIO.cpp:8775]   --->   Operation 83 'read' 'input_46_axi_V_read' <Predicate = true> <Delay = 0.00> <Core = "AXI4LiteS">   --->   Core 6 'AXI4LiteS' <Latency = 0> <II = 1> <Delay = 1.00> <Adapter> <Opcode : >
ST_1 : Operation 84 [1/1] (0.00ns)   --->   "%input_45_axi_V_read = call i16 @_ssdm_op_Read.ap_auto.i16(i16 %input_45_axi_V)" [AXI_GPIO.cpp:8775]   --->   Operation 84 'read' 'input_45_axi_V_read' <Predicate = true> <Delay = 0.00> <Core = "AXI4LiteS">   --->   Core 6 'AXI4LiteS' <Latency = 0> <II = 1> <Delay = 1.00> <Adapter> <Opcode : >
ST_1 : Operation 85 [1/1] (0.00ns)   --->   "%input_44_axi_V_read = call i32 @_ssdm_op_Read.ap_auto.i32(i32 %input_44_axi_V)" [AXI_GPIO.cpp:8775]   --->   Operation 85 'read' 'input_44_axi_V_read' <Predicate = true> <Delay = 0.00> <Core = "AXI4LiteS">   --->   Core 6 'AXI4LiteS' <Latency = 0> <II = 1> <Delay = 1.00> <Adapter> <Opcode : >
ST_1 : Operation 86 [1/1] (0.00ns)   --->   "%input_43_axi_V_read = call i24 @_ssdm_op_Read.ap_auto.i24(i24 %input_43_axi_V)" [AXI_GPIO.cpp:8775]   --->   Operation 86 'read' 'input_43_axi_V_read' <Predicate = true> <Delay = 0.00> <Core = "AXI4LiteS">   --->   Core 6 'AXI4LiteS' <Latency = 0> <II = 1> <Delay = 1.00> <Adapter> <Opcode : >
ST_1 : Operation 87 [1/1] (0.00ns)   --->   "%input_42_axi_V_read = call i16 @_ssdm_op_Read.ap_auto.i16(i16 %input_42_axi_V)" [AXI_GPIO.cpp:8775]   --->   Operation 87 'read' 'input_42_axi_V_read' <Predicate = true> <Delay = 0.00> <Core = "AXI4LiteS">   --->   Core 6 'AXI4LiteS' <Latency = 0> <II = 1> <Delay = 1.00> <Adapter> <Opcode : >
ST_1 : Operation 88 [1/1] (0.00ns)   --->   "%input_41_axi_V_read = call i16 @_ssdm_op_Read.ap_auto.i16(i16 %input_41_axi_V)" [AXI_GPIO.cpp:8775]   --->   Operation 88 'read' 'input_41_axi_V_read' <Predicate = true> <Delay = 0.00> <Core = "AXI4LiteS">   --->   Core 6 'AXI4LiteS' <Latency = 0> <II = 1> <Delay = 1.00> <Adapter> <Opcode : >
ST_1 : Operation 89 [1/1] (0.00ns)   --->   "%input_40_axi_V_read = call i32 @_ssdm_op_Read.ap_auto.i32(i32 %input_40_axi_V)" [AXI_GPIO.cpp:8775]   --->   Operation 89 'read' 'input_40_axi_V_read' <Predicate = true> <Delay = 0.00> <Core = "AXI4LiteS">   --->   Core 6 'AXI4LiteS' <Latency = 0> <II = 1> <Delay = 1.00> <Adapter> <Opcode : >
ST_1 : Operation 90 [1/1] (0.00ns)   --->   "%input_39_axi_V_read = call i24 @_ssdm_op_Read.ap_auto.i24(i24 %input_39_axi_V)" [AXI_GPIO.cpp:8775]   --->   Operation 90 'read' 'input_39_axi_V_read' <Predicate = true> <Delay = 0.00> <Core = "AXI4LiteS">   --->   Core 6 'AXI4LiteS' <Latency = 0> <II = 1> <Delay = 1.00> <Adapter> <Opcode : >
ST_1 : Operation 91 [1/1] (0.00ns)   --->   "%input_38_axi_V_read = call i16 @_ssdm_op_Read.ap_auto.i16(i16 %input_38_axi_V)" [AXI_GPIO.cpp:8775]   --->   Operation 91 'read' 'input_38_axi_V_read' <Predicate = true> <Delay = 0.00> <Core = "AXI4LiteS">   --->   Core 6 'AXI4LiteS' <Latency = 0> <II = 1> <Delay = 1.00> <Adapter> <Opcode : >
ST_1 : Operation 92 [1/1] (0.00ns)   --->   "%input_37_axi_V_read = call i16 @_ssdm_op_Read.ap_auto.i16(i16 %input_37_axi_V)" [AXI_GPIO.cpp:8775]   --->   Operation 92 'read' 'input_37_axi_V_read' <Predicate = true> <Delay = 0.00> <Core = "AXI4LiteS">   --->   Core 6 'AXI4LiteS' <Latency = 0> <II = 1> <Delay = 1.00> <Adapter> <Opcode : >
ST_1 : Operation 93 [1/1] (0.00ns)   --->   "%input_36_axi_V_read = call i32 @_ssdm_op_Read.ap_auto.i32(i32 %input_36_axi_V)" [AXI_GPIO.cpp:8775]   --->   Operation 93 'read' 'input_36_axi_V_read' <Predicate = true> <Delay = 0.00> <Core = "AXI4LiteS">   --->   Core 6 'AXI4LiteS' <Latency = 0> <II = 1> <Delay = 1.00> <Adapter> <Opcode : >
ST_1 : Operation 94 [1/1] (0.00ns)   --->   "%input_35_axi_V_read = call i24 @_ssdm_op_Read.ap_auto.i24(i24 %input_35_axi_V)" [AXI_GPIO.cpp:8775]   --->   Operation 94 'read' 'input_35_axi_V_read' <Predicate = true> <Delay = 0.00> <Core = "AXI4LiteS">   --->   Core 6 'AXI4LiteS' <Latency = 0> <II = 1> <Delay = 1.00> <Adapter> <Opcode : >
ST_1 : Operation 95 [1/1] (0.00ns)   --->   "%input_34_axi_V_read = call i16 @_ssdm_op_Read.ap_auto.i16(i16 %input_34_axi_V)" [AXI_GPIO.cpp:8775]   --->   Operation 95 'read' 'input_34_axi_V_read' <Predicate = true> <Delay = 0.00> <Core = "AXI4LiteS">   --->   Core 6 'AXI4LiteS' <Latency = 0> <II = 1> <Delay = 1.00> <Adapter> <Opcode : >
ST_1 : Operation 96 [1/1] (0.00ns)   --->   "%input_33_axi_V_read = call i16 @_ssdm_op_Read.ap_auto.i16(i16 %input_33_axi_V)" [AXI_GPIO.cpp:8775]   --->   Operation 96 'read' 'input_33_axi_V_read' <Predicate = true> <Delay = 0.00> <Core = "AXI4LiteS">   --->   Core 6 'AXI4LiteS' <Latency = 0> <II = 1> <Delay = 1.00> <Adapter> <Opcode : >
ST_1 : Operation 97 [1/1] (0.00ns)   --->   "%input_32_axi_V_read = call i32 @_ssdm_op_Read.ap_auto.i32(i32 %input_32_axi_V)" [AXI_GPIO.cpp:8775]   --->   Operation 97 'read' 'input_32_axi_V_read' <Predicate = true> <Delay = 0.00> <Core = "AXI4LiteS">   --->   Core 6 'AXI4LiteS' <Latency = 0> <II = 1> <Delay = 1.00> <Adapter> <Opcode : >
ST_1 : Operation 98 [1/1] (0.00ns)   --->   "%input_31_axi_V_read = call i24 @_ssdm_op_Read.ap_auto.i24(i24 %input_31_axi_V)" [AXI_GPIO.cpp:8775]   --->   Operation 98 'read' 'input_31_axi_V_read' <Predicate = true> <Delay = 0.00> <Core = "AXI4LiteS">   --->   Core 6 'AXI4LiteS' <Latency = 0> <II = 1> <Delay = 1.00> <Adapter> <Opcode : >
ST_1 : Operation 99 [1/1] (0.00ns)   --->   "%input_30_axi_V_read = call i16 @_ssdm_op_Read.ap_auto.i16(i16 %input_30_axi_V)" [AXI_GPIO.cpp:8775]   --->   Operation 99 'read' 'input_30_axi_V_read' <Predicate = true> <Delay = 0.00> <Core = "AXI4LiteS">   --->   Core 6 'AXI4LiteS' <Latency = 0> <II = 1> <Delay = 1.00> <Adapter> <Opcode : >
ST_1 : Operation 100 [1/1] (0.00ns)   --->   "%input_29_axi_V_read = call i16 @_ssdm_op_Read.ap_auto.i16(i16 %input_29_axi_V)" [AXI_GPIO.cpp:8775]   --->   Operation 100 'read' 'input_29_axi_V_read' <Predicate = true> <Delay = 0.00> <Core = "AXI4LiteS">   --->   Core 6 'AXI4LiteS' <Latency = 0> <II = 1> <Delay = 1.00> <Adapter> <Opcode : >
ST_1 : Operation 101 [1/1] (0.00ns)   --->   "%input_28_axi_V_read = call i32 @_ssdm_op_Read.ap_auto.i32(i32 %input_28_axi_V)" [AXI_GPIO.cpp:8775]   --->   Operation 101 'read' 'input_28_axi_V_read' <Predicate = true> <Delay = 0.00> <Core = "AXI4LiteS">   --->   Core 6 'AXI4LiteS' <Latency = 0> <II = 1> <Delay = 1.00> <Adapter> <Opcode : >
ST_1 : Operation 102 [1/1] (0.00ns)   --->   "%input_27_axi_V_read = call i24 @_ssdm_op_Read.ap_auto.i24(i24 %input_27_axi_V)" [AXI_GPIO.cpp:8775]   --->   Operation 102 'read' 'input_27_axi_V_read' <Predicate = true> <Delay = 0.00> <Core = "AXI4LiteS">   --->   Core 6 'AXI4LiteS' <Latency = 0> <II = 1> <Delay = 1.00> <Adapter> <Opcode : >
ST_1 : Operation 103 [1/1] (0.00ns)   --->   "%input_26_axi_V_read = call i16 @_ssdm_op_Read.ap_auto.i16(i16 %input_26_axi_V)" [AXI_GPIO.cpp:8775]   --->   Operation 103 'read' 'input_26_axi_V_read' <Predicate = true> <Delay = 0.00> <Core = "AXI4LiteS">   --->   Core 6 'AXI4LiteS' <Latency = 0> <II = 1> <Delay = 1.00> <Adapter> <Opcode : >
ST_1 : Operation 104 [1/1] (0.00ns)   --->   "%input_25_axi_V_read = call i16 @_ssdm_op_Read.ap_auto.i16(i16 %input_25_axi_V)" [AXI_GPIO.cpp:8775]   --->   Operation 104 'read' 'input_25_axi_V_read' <Predicate = true> <Delay = 0.00> <Core = "AXI4LiteS">   --->   Core 6 'AXI4LiteS' <Latency = 0> <II = 1> <Delay = 1.00> <Adapter> <Opcode : >
ST_1 : Operation 105 [1/1] (0.00ns)   --->   "%input_24_axi_V_read = call i32 @_ssdm_op_Read.ap_auto.i32(i32 %input_24_axi_V)" [AXI_GPIO.cpp:8775]   --->   Operation 105 'read' 'input_24_axi_V_read' <Predicate = true> <Delay = 0.00> <Core = "AXI4LiteS">   --->   Core 6 'AXI4LiteS' <Latency = 0> <II = 1> <Delay = 1.00> <Adapter> <Opcode : >
ST_1 : Operation 106 [1/1] (0.00ns)   --->   "%input_23_axi_V_read = call i24 @_ssdm_op_Read.ap_auto.i24(i24 %input_23_axi_V)" [AXI_GPIO.cpp:8775]   --->   Operation 106 'read' 'input_23_axi_V_read' <Predicate = true> <Delay = 0.00> <Core = "AXI4LiteS">   --->   Core 6 'AXI4LiteS' <Latency = 0> <II = 1> <Delay = 1.00> <Adapter> <Opcode : >
ST_1 : Operation 107 [1/1] (0.00ns)   --->   "%input_22_axi_V_read = call i16 @_ssdm_op_Read.ap_auto.i16(i16 %input_22_axi_V)" [AXI_GPIO.cpp:8775]   --->   Operation 107 'read' 'input_22_axi_V_read' <Predicate = true> <Delay = 0.00> <Core = "AXI4LiteS">   --->   Core 6 'AXI4LiteS' <Latency = 0> <II = 1> <Delay = 1.00> <Adapter> <Opcode : >
ST_1 : Operation 108 [1/1] (0.00ns)   --->   "%input_21_axi_V_read = call i16 @_ssdm_op_Read.ap_auto.i16(i16 %input_21_axi_V)" [AXI_GPIO.cpp:8775]   --->   Operation 108 'read' 'input_21_axi_V_read' <Predicate = true> <Delay = 0.00> <Core = "AXI4LiteS">   --->   Core 6 'AXI4LiteS' <Latency = 0> <II = 1> <Delay = 1.00> <Adapter> <Opcode : >
ST_1 : Operation 109 [1/1] (0.00ns)   --->   "%input_20_axi_V_read = call i32 @_ssdm_op_Read.ap_auto.i32(i32 %input_20_axi_V)" [AXI_GPIO.cpp:8775]   --->   Operation 109 'read' 'input_20_axi_V_read' <Predicate = true> <Delay = 0.00> <Core = "AXI4LiteS">   --->   Core 6 'AXI4LiteS' <Latency = 0> <II = 1> <Delay = 1.00> <Adapter> <Opcode : >
ST_1 : Operation 110 [1/1] (0.00ns)   --->   "%input_19_axi_V_read = call i24 @_ssdm_op_Read.ap_auto.i24(i24 %input_19_axi_V)" [AXI_GPIO.cpp:8775]   --->   Operation 110 'read' 'input_19_axi_V_read' <Predicate = true> <Delay = 0.00> <Core = "AXI4LiteS">   --->   Core 6 'AXI4LiteS' <Latency = 0> <II = 1> <Delay = 1.00> <Adapter> <Opcode : >
ST_1 : Operation 111 [1/1] (0.00ns)   --->   "%input_18_axi_V_read = call i16 @_ssdm_op_Read.ap_auto.i16(i16 %input_18_axi_V)" [AXI_GPIO.cpp:8775]   --->   Operation 111 'read' 'input_18_axi_V_read' <Predicate = true> <Delay = 0.00> <Core = "AXI4LiteS">   --->   Core 6 'AXI4LiteS' <Latency = 0> <II = 1> <Delay = 1.00> <Adapter> <Opcode : >
ST_1 : Operation 112 [1/1] (0.00ns)   --->   "%input_17_axi_V_read = call i16 @_ssdm_op_Read.ap_auto.i16(i16 %input_17_axi_V)" [AXI_GPIO.cpp:8775]   --->   Operation 112 'read' 'input_17_axi_V_read' <Predicate = true> <Delay = 0.00> <Core = "AXI4LiteS">   --->   Core 6 'AXI4LiteS' <Latency = 0> <II = 1> <Delay = 1.00> <Adapter> <Opcode : >
ST_1 : Operation 113 [1/1] (0.00ns)   --->   "%input_16_axi_V_read = call i32 @_ssdm_op_Read.ap_auto.i32(i32 %input_16_axi_V)" [AXI_GPIO.cpp:8775]   --->   Operation 113 'read' 'input_16_axi_V_read' <Predicate = true> <Delay = 0.00> <Core = "AXI4LiteS">   --->   Core 6 'AXI4LiteS' <Latency = 0> <II = 1> <Delay = 1.00> <Adapter> <Opcode : >
ST_1 : Operation 114 [1/1] (0.00ns)   --->   "%input_15_axi_V_read = call i24 @_ssdm_op_Read.ap_auto.i24(i24 %input_15_axi_V)" [AXI_GPIO.cpp:8775]   --->   Operation 114 'read' 'input_15_axi_V_read' <Predicate = true> <Delay = 0.00> <Core = "AXI4LiteS">   --->   Core 6 'AXI4LiteS' <Latency = 0> <II = 1> <Delay = 1.00> <Adapter> <Opcode : >
ST_1 : Operation 115 [1/1] (0.00ns)   --->   "%input_14_axi_V_read = call i16 @_ssdm_op_Read.ap_auto.i16(i16 %input_14_axi_V)" [AXI_GPIO.cpp:8775]   --->   Operation 115 'read' 'input_14_axi_V_read' <Predicate = true> <Delay = 0.00> <Core = "AXI4LiteS">   --->   Core 6 'AXI4LiteS' <Latency = 0> <II = 1> <Delay = 1.00> <Adapter> <Opcode : >
ST_1 : Operation 116 [1/1] (0.00ns)   --->   "%input_13_axi_V_read = call i16 @_ssdm_op_Read.ap_auto.i16(i16 %input_13_axi_V)" [AXI_GPIO.cpp:8775]   --->   Operation 116 'read' 'input_13_axi_V_read' <Predicate = true> <Delay = 0.00> <Core = "AXI4LiteS">   --->   Core 6 'AXI4LiteS' <Latency = 0> <II = 1> <Delay = 1.00> <Adapter> <Opcode : >
ST_1 : Operation 117 [1/1] (0.00ns)   --->   "%input_12_axi_V_read = call i32 @_ssdm_op_Read.ap_auto.i32(i32 %input_12_axi_V)" [AXI_GPIO.cpp:8775]   --->   Operation 117 'read' 'input_12_axi_V_read' <Predicate = true> <Delay = 0.00> <Core = "AXI4LiteS">   --->   Core 6 'AXI4LiteS' <Latency = 0> <II = 1> <Delay = 1.00> <Adapter> <Opcode : >
ST_1 : Operation 118 [1/1] (0.00ns)   --->   "%input_11_axi_V_read = call i24 @_ssdm_op_Read.ap_auto.i24(i24 %input_11_axi_V)" [AXI_GPIO.cpp:8775]   --->   Operation 118 'read' 'input_11_axi_V_read' <Predicate = true> <Delay = 0.00> <Core = "AXI4LiteS">   --->   Core 6 'AXI4LiteS' <Latency = 0> <II = 1> <Delay = 1.00> <Adapter> <Opcode : >
ST_1 : Operation 119 [1/1] (0.00ns)   --->   "%input_10_axi_V_read = call i16 @_ssdm_op_Read.ap_auto.i16(i16 %input_10_axi_V)" [AXI_GPIO.cpp:8775]   --->   Operation 119 'read' 'input_10_axi_V_read' <Predicate = true> <Delay = 0.00> <Core = "AXI4LiteS">   --->   Core 6 'AXI4LiteS' <Latency = 0> <II = 1> <Delay = 1.00> <Adapter> <Opcode : >
ST_1 : Operation 120 [1/1] (0.00ns)   --->   "%input_9_axi_V_read = call i16 @_ssdm_op_Read.ap_auto.i16(i16 %input_9_axi_V)" [AXI_GPIO.cpp:8775]   --->   Operation 120 'read' 'input_9_axi_V_read' <Predicate = true> <Delay = 0.00> <Core = "AXI4LiteS">   --->   Core 6 'AXI4LiteS' <Latency = 0> <II = 1> <Delay = 1.00> <Adapter> <Opcode : >
ST_1 : Operation 121 [1/1] (0.00ns)   --->   "%input_8_axi_V_read = call i32 @_ssdm_op_Read.ap_auto.i32(i32 %input_8_axi_V)" [AXI_GPIO.cpp:8775]   --->   Operation 121 'read' 'input_8_axi_V_read' <Predicate = true> <Delay = 0.00> <Core = "AXI4LiteS">   --->   Core 6 'AXI4LiteS' <Latency = 0> <II = 1> <Delay = 1.00> <Adapter> <Opcode : >
ST_1 : Operation 122 [1/1] (0.00ns)   --->   "%input_7_axi_V_read = call i24 @_ssdm_op_Read.ap_auto.i24(i24 %input_7_axi_V)" [AXI_GPIO.cpp:8775]   --->   Operation 122 'read' 'input_7_axi_V_read' <Predicate = true> <Delay = 0.00> <Core = "AXI4LiteS">   --->   Core 6 'AXI4LiteS' <Latency = 0> <II = 1> <Delay = 1.00> <Adapter> <Opcode : >
ST_1 : Operation 123 [1/1] (0.00ns)   --->   "%input_6_axi_V_read = call i16 @_ssdm_op_Read.ap_auto.i16(i16 %input_6_axi_V)" [AXI_GPIO.cpp:8775]   --->   Operation 123 'read' 'input_6_axi_V_read' <Predicate = true> <Delay = 0.00> <Core = "AXI4LiteS">   --->   Core 6 'AXI4LiteS' <Latency = 0> <II = 1> <Delay = 1.00> <Adapter> <Opcode : >
ST_1 : Operation 124 [1/1] (0.00ns)   --->   "%input_5_axi_V_read = call i16 @_ssdm_op_Read.ap_auto.i16(i16 %input_5_axi_V)" [AXI_GPIO.cpp:8775]   --->   Operation 124 'read' 'input_5_axi_V_read' <Predicate = true> <Delay = 0.00> <Core = "AXI4LiteS">   --->   Core 6 'AXI4LiteS' <Latency = 0> <II = 1> <Delay = 1.00> <Adapter> <Opcode : >
ST_1 : Operation 125 [1/1] (0.00ns)   --->   "%input_4_axi_V_read = call i32 @_ssdm_op_Read.ap_auto.i32(i32 %input_4_axi_V)" [AXI_GPIO.cpp:8775]   --->   Operation 125 'read' 'input_4_axi_V_read' <Predicate = true> <Delay = 0.00> <Core = "AXI4LiteS">   --->   Core 6 'AXI4LiteS' <Latency = 0> <II = 1> <Delay = 1.00> <Adapter> <Opcode : >
ST_1 : Operation 126 [1/1] (0.00ns)   --->   "%input_3_axi_V_read = call i24 @_ssdm_op_Read.ap_auto.i24(i24 %input_3_axi_V)" [AXI_GPIO.cpp:8775]   --->   Operation 126 'read' 'input_3_axi_V_read' <Predicate = true> <Delay = 0.00> <Core = "AXI4LiteS">   --->   Core 6 'AXI4LiteS' <Latency = 0> <II = 1> <Delay = 1.00> <Adapter> <Opcode : >
ST_1 : Operation 127 [1/1] (0.00ns)   --->   "%input_2_axi_V_read = call i16 @_ssdm_op_Read.ap_auto.i16(i16 %input_2_axi_V)" [AXI_GPIO.cpp:8775]   --->   Operation 127 'read' 'input_2_axi_V_read' <Predicate = true> <Delay = 0.00> <Core = "AXI4LiteS">   --->   Core 6 'AXI4LiteS' <Latency = 0> <II = 1> <Delay = 1.00> <Adapter> <Opcode : >
ST_1 : Operation 128 [1/1] (0.00ns)   --->   "%input_1_axi_V_read = call i16 @_ssdm_op_Read.ap_auto.i16(i16 %input_1_axi_V)" [AXI_GPIO.cpp:8775]   --->   Operation 128 'read' 'input_1_axi_V_read' <Predicate = true> <Delay = 0.00> <Core = "AXI4LiteS">   --->   Core 6 'AXI4LiteS' <Latency = 0> <II = 1> <Delay = 1.00> <Adapter> <Opcode : >
ST_1 : Operation 129 [1/1] (0.00ns)   --->   "%input_0_axi_V_read = call i32 @_ssdm_op_Read.ap_auto.i32(i32 %input_0_axi_V)" [AXI_GPIO.cpp:8775]   --->   Operation 129 'read' 'input_0_axi_V_read' <Predicate = true> <Delay = 0.00> <Core = "AXI4LiteS">   --->   Core 6 'AXI4LiteS' <Latency = 0> <II = 1> <Delay = 1.00> <Adapter> <Opcode : >
ST_1 : Operation 130 [1/1] (0.00ns)   --->   "call void @_ssdm_op_Write.ap_auto.i32P(i32* %input_0_V, i32 %input_0_axi_V_read)" [AXI_GPIO.cpp:8775]   --->   Operation 130 'write' <Predicate = true> <Delay = 0.00>
ST_1 : Operation 131 [1/1] (0.00ns)   --->   "call void @_ssdm_op_Write.ap_auto.i16P(i16* %input_1_V, i16 %input_1_axi_V_read)" [AXI_GPIO.cpp:8782]   --->   Operation 131 'write' <Predicate = true> <Delay = 0.00>
ST_1 : Operation 132 [1/1] (0.00ns)   --->   "call void @_ssdm_op_Write.ap_auto.i16P(i16* %input_2_V, i16 %input_2_axi_V_read)" [AXI_GPIO.cpp:8789]   --->   Operation 132 'write' <Predicate = true> <Delay = 0.00>
ST_1 : Operation 133 [1/1] (0.00ns)   --->   "call void @_ssdm_op_Write.ap_auto.i24P(i24* %input_3_V, i24 %input_3_axi_V_read)" [AXI_GPIO.cpp:8796]   --->   Operation 133 'write' <Predicate = true> <Delay = 0.00>
ST_1 : Operation 134 [1/1] (0.00ns)   --->   "call void @_ssdm_op_Write.ap_auto.i32P(i32* %input_4_V, i32 %input_4_axi_V_read)" [AXI_GPIO.cpp:8803]   --->   Operation 134 'write' <Predicate = true> <Delay = 0.00>
ST_1 : Operation 135 [1/1] (0.00ns)   --->   "call void @_ssdm_op_Write.ap_auto.i16P(i16* %input_5_V, i16 %input_5_axi_V_read)" [AXI_GPIO.cpp:8810]   --->   Operation 135 'write' <Predicate = true> <Delay = 0.00>
ST_1 : Operation 136 [1/1] (0.00ns)   --->   "call void @_ssdm_op_Write.ap_auto.i16P(i16* %input_6_V, i16 %input_6_axi_V_read)" [AXI_GPIO.cpp:8817]   --->   Operation 136 'write' <Predicate = true> <Delay = 0.00>
ST_1 : Operation 137 [1/1] (0.00ns)   --->   "call void @_ssdm_op_Write.ap_auto.i24P(i24* %input_7_V, i24 %input_7_axi_V_read)" [AXI_GPIO.cpp:8824]   --->   Operation 137 'write' <Predicate = true> <Delay = 0.00>
ST_1 : Operation 138 [1/1] (0.00ns)   --->   "call void @_ssdm_op_Write.ap_auto.i32P(i32* %input_8_V, i32 %input_8_axi_V_read)" [AXI_GPIO.cpp:8831]   --->   Operation 138 'write' <Predicate = true> <Delay = 0.00>
ST_1 : Operation 139 [1/1] (0.00ns)   --->   "call void @_ssdm_op_Write.ap_auto.i16P(i16* %input_9_V, i16 %input_9_axi_V_read)" [AXI_GPIO.cpp:8838]   --->   Operation 139 'write' <Predicate = true> <Delay = 0.00>
ST_1 : Operation 140 [1/1] (0.00ns)   --->   "call void @_ssdm_op_Write.ap_auto.i16P(i16* %input_10_V, i16 %input_10_axi_V_read)" [AXI_GPIO.cpp:8845]   --->   Operation 140 'write' <Predicate = true> <Delay = 0.00>
ST_1 : Operation 141 [1/1] (0.00ns)   --->   "call void @_ssdm_op_Write.ap_auto.i24P(i24* %input_11_V, i24 %input_11_axi_V_read)" [AXI_GPIO.cpp:8852]   --->   Operation 141 'write' <Predicate = true> <Delay = 0.00>
ST_1 : Operation 142 [1/1] (0.00ns)   --->   "call void @_ssdm_op_Write.ap_auto.i32P(i32* %input_12_V, i32 %input_12_axi_V_read)" [AXI_GPIO.cpp:8859]   --->   Operation 142 'write' <Predicate = true> <Delay = 0.00>
ST_1 : Operation 143 [1/1] (0.00ns)   --->   "call void @_ssdm_op_Write.ap_auto.i16P(i16* %input_13_V, i16 %input_13_axi_V_read)" [AXI_GPIO.cpp:8866]   --->   Operation 143 'write' <Predicate = true> <Delay = 0.00>
ST_1 : Operation 144 [1/1] (0.00ns)   --->   "call void @_ssdm_op_Write.ap_auto.i16P(i16* %input_14_V, i16 %input_14_axi_V_read)" [AXI_GPIO.cpp:8873]   --->   Operation 144 'write' <Predicate = true> <Delay = 0.00>
ST_1 : Operation 145 [1/1] (0.00ns)   --->   "call void @_ssdm_op_Write.ap_auto.i24P(i24* %input_15_V, i24 %input_15_axi_V_read)" [AXI_GPIO.cpp:8880]   --->   Operation 145 'write' <Predicate = true> <Delay = 0.00>
ST_1 : Operation 146 [1/1] (0.00ns)   --->   "call void @_ssdm_op_Write.ap_auto.i32P(i32* %input_16_V, i32 %input_16_axi_V_read)" [AXI_GPIO.cpp:8887]   --->   Operation 146 'write' <Predicate = true> <Delay = 0.00>
ST_1 : Operation 147 [1/1] (0.00ns)   --->   "call void @_ssdm_op_Write.ap_auto.i16P(i16* %input_17_V, i16 %input_17_axi_V_read)" [AXI_GPIO.cpp:8894]   --->   Operation 147 'write' <Predicate = true> <Delay = 0.00>
ST_1 : Operation 148 [1/1] (0.00ns)   --->   "call void @_ssdm_op_Write.ap_auto.i16P(i16* %input_18_V, i16 %input_18_axi_V_read)" [AXI_GPIO.cpp:8901]   --->   Operation 148 'write' <Predicate = true> <Delay = 0.00>
ST_1 : Operation 149 [1/1] (0.00ns)   --->   "call void @_ssdm_op_Write.ap_auto.i24P(i24* %input_19_V, i24 %input_19_axi_V_read)" [AXI_GPIO.cpp:8908]   --->   Operation 149 'write' <Predicate = true> <Delay = 0.00>
ST_1 : Operation 150 [1/1] (0.00ns)   --->   "call void @_ssdm_op_Write.ap_auto.i32P(i32* %input_20_V, i32 %input_20_axi_V_read)" [AXI_GPIO.cpp:8915]   --->   Operation 150 'write' <Predicate = true> <Delay = 0.00>
ST_1 : Operation 151 [1/1] (0.00ns)   --->   "call void @_ssdm_op_Write.ap_auto.i16P(i16* %input_21_V, i16 %input_21_axi_V_read)" [AXI_GPIO.cpp:8922]   --->   Operation 151 'write' <Predicate = true> <Delay = 0.00>
ST_1 : Operation 152 [1/1] (0.00ns)   --->   "call void @_ssdm_op_Write.ap_auto.i16P(i16* %input_22_V, i16 %input_22_axi_V_read)" [AXI_GPIO.cpp:8929]   --->   Operation 152 'write' <Predicate = true> <Delay = 0.00>
ST_1 : Operation 153 [1/1] (0.00ns)   --->   "call void @_ssdm_op_Write.ap_auto.i24P(i24* %input_23_V, i24 %input_23_axi_V_read)" [AXI_GPIO.cpp:8936]   --->   Operation 153 'write' <Predicate = true> <Delay = 0.00>
ST_1 : Operation 154 [1/1] (0.00ns)   --->   "call void @_ssdm_op_Write.ap_auto.i32P(i32* %input_24_V, i32 %input_24_axi_V_read)" [AXI_GPIO.cpp:8943]   --->   Operation 154 'write' <Predicate = true> <Delay = 0.00>
ST_1 : Operation 155 [1/1] (0.00ns)   --->   "call void @_ssdm_op_Write.ap_auto.i16P(i16* %input_25_V, i16 %input_25_axi_V_read)" [AXI_GPIO.cpp:8950]   --->   Operation 155 'write' <Predicate = true> <Delay = 0.00>
ST_1 : Operation 156 [1/1] (0.00ns)   --->   "call void @_ssdm_op_Write.ap_auto.i16P(i16* %input_26_V, i16 %input_26_axi_V_read)" [AXI_GPIO.cpp:8957]   --->   Operation 156 'write' <Predicate = true> <Delay = 0.00>
ST_1 : Operation 157 [1/1] (0.00ns)   --->   "call void @_ssdm_op_Write.ap_auto.i24P(i24* %input_27_V, i24 %input_27_axi_V_read)" [AXI_GPIO.cpp:8964]   --->   Operation 157 'write' <Predicate = true> <Delay = 0.00>
ST_1 : Operation 158 [1/1] (0.00ns)   --->   "call void @_ssdm_op_Write.ap_auto.i32P(i32* %input_28_V, i32 %input_28_axi_V_read)" [AXI_GPIO.cpp:8971]   --->   Operation 158 'write' <Predicate = true> <Delay = 0.00>
ST_1 : Operation 159 [1/1] (0.00ns)   --->   "call void @_ssdm_op_Write.ap_auto.i16P(i16* %input_29_V, i16 %input_29_axi_V_read)" [AXI_GPIO.cpp:8978]   --->   Operation 159 'write' <Predicate = true> <Delay = 0.00>
ST_1 : Operation 160 [1/1] (0.00ns)   --->   "call void @_ssdm_op_Write.ap_auto.i16P(i16* %input_30_V, i16 %input_30_axi_V_read)" [AXI_GPIO.cpp:8985]   --->   Operation 160 'write' <Predicate = true> <Delay = 0.00>
ST_1 : Operation 161 [1/1] (0.00ns)   --->   "call void @_ssdm_op_Write.ap_auto.i24P(i24* %input_31_V, i24 %input_31_axi_V_read)" [AXI_GPIO.cpp:8992]   --->   Operation 161 'write' <Predicate = true> <Delay = 0.00>
ST_1 : Operation 162 [1/1] (0.00ns)   --->   "call void @_ssdm_op_Write.ap_auto.i32P(i32* %input_32_V, i32 %input_32_axi_V_read)" [AXI_GPIO.cpp:8999]   --->   Operation 162 'write' <Predicate = true> <Delay = 0.00>
ST_1 : Operation 163 [1/1] (0.00ns)   --->   "call void @_ssdm_op_Write.ap_auto.i16P(i16* %input_33_V, i16 %input_33_axi_V_read)" [AXI_GPIO.cpp:9006]   --->   Operation 163 'write' <Predicate = true> <Delay = 0.00>
ST_1 : Operation 164 [1/1] (0.00ns)   --->   "call void @_ssdm_op_Write.ap_auto.i16P(i16* %input_34_V, i16 %input_34_axi_V_read)" [AXI_GPIO.cpp:9013]   --->   Operation 164 'write' <Predicate = true> <Delay = 0.00>
ST_1 : Operation 165 [1/1] (0.00ns)   --->   "call void @_ssdm_op_Write.ap_auto.i24P(i24* %input_35_V, i24 %input_35_axi_V_read)" [AXI_GPIO.cpp:9020]   --->   Operation 165 'write' <Predicate = true> <Delay = 0.00>
ST_1 : Operation 166 [1/1] (0.00ns)   --->   "call void @_ssdm_op_Write.ap_auto.i32P(i32* %input_36_V, i32 %input_36_axi_V_read)" [AXI_GPIO.cpp:9027]   --->   Operation 166 'write' <Predicate = true> <Delay = 0.00>
ST_1 : Operation 167 [1/1] (0.00ns)   --->   "call void @_ssdm_op_Write.ap_auto.i16P(i16* %input_37_V, i16 %input_37_axi_V_read)" [AXI_GPIO.cpp:9034]   --->   Operation 167 'write' <Predicate = true> <Delay = 0.00>
ST_1 : Operation 168 [1/1] (0.00ns)   --->   "call void @_ssdm_op_Write.ap_auto.i16P(i16* %input_38_V, i16 %input_38_axi_V_read)" [AXI_GPIO.cpp:9041]   --->   Operation 168 'write' <Predicate = true> <Delay = 0.00>
ST_1 : Operation 169 [1/1] (0.00ns)   --->   "call void @_ssdm_op_Write.ap_auto.i24P(i24* %input_39_V, i24 %input_39_axi_V_read)" [AXI_GPIO.cpp:9048]   --->   Operation 169 'write' <Predicate = true> <Delay = 0.00>
ST_1 : Operation 170 [1/1] (0.00ns)   --->   "call void @_ssdm_op_Write.ap_auto.i32P(i32* %input_40_V, i32 %input_40_axi_V_read)" [AXI_GPIO.cpp:9055]   --->   Operation 170 'write' <Predicate = true> <Delay = 0.00>
ST_1 : Operation 171 [1/1] (0.00ns)   --->   "call void @_ssdm_op_Write.ap_auto.i16P(i16* %input_41_V, i16 %input_41_axi_V_read)" [AXI_GPIO.cpp:9062]   --->   Operation 171 'write' <Predicate = true> <Delay = 0.00>
ST_1 : Operation 172 [1/1] (0.00ns)   --->   "call void @_ssdm_op_Write.ap_auto.i16P(i16* %input_42_V, i16 %input_42_axi_V_read)" [AXI_GPIO.cpp:9069]   --->   Operation 172 'write' <Predicate = true> <Delay = 0.00>
ST_1 : Operation 173 [1/1] (0.00ns)   --->   "call void @_ssdm_op_Write.ap_auto.i24P(i24* %input_43_V, i24 %input_43_axi_V_read)" [AXI_GPIO.cpp:9076]   --->   Operation 173 'write' <Predicate = true> <Delay = 0.00>
ST_1 : Operation 174 [1/1] (0.00ns)   --->   "call void @_ssdm_op_Write.ap_auto.i32P(i32* %input_44_V, i32 %input_44_axi_V_read)" [AXI_GPIO.cpp:9083]   --->   Operation 174 'write' <Predicate = true> <Delay = 0.00>
ST_1 : Operation 175 [1/1] (0.00ns)   --->   "call void @_ssdm_op_Write.ap_auto.i16P(i16* %input_45_V, i16 %input_45_axi_V_read)" [AXI_GPIO.cpp:9090]   --->   Operation 175 'write' <Predicate = true> <Delay = 0.00>
ST_1 : Operation 176 [1/1] (0.00ns)   --->   "call void @_ssdm_op_Write.ap_auto.i16P(i16* %input_46_V, i16 %input_46_axi_V_read)" [AXI_GPIO.cpp:9097]   --->   Operation 176 'write' <Predicate = true> <Delay = 0.00>
ST_1 : Operation 177 [1/1] (0.00ns)   --->   "call void @_ssdm_op_Write.ap_auto.i24P(i24* %input_47_V, i24 %input_47_axi_V_read)" [AXI_GPIO.cpp:9104]   --->   Operation 177 'write' <Predicate = true> <Delay = 0.00>
ST_1 : Operation 178 [1/1] (0.00ns)   --->   "call void @_ssdm_op_Write.ap_auto.i32P(i32* %input_48_V, i32 %input_48_axi_V_read)" [AXI_GPIO.cpp:9111]   --->   Operation 178 'write' <Predicate = true> <Delay = 0.00>
ST_1 : Operation 179 [1/1] (0.00ns)   --->   "call void @_ssdm_op_Write.ap_auto.i16P(i16* %input_49_V, i16 %input_49_axi_V_read)" [AXI_GPIO.cpp:9118]   --->   Operation 179 'write' <Predicate = true> <Delay = 0.00>
ST_1 : Operation 180 [1/1] (0.00ns)   --->   "call void @_ssdm_op_Write.ap_auto.i16P(i16* %input_50_V, i16 %input_50_axi_V_read)" [AXI_GPIO.cpp:9125]   --->   Operation 180 'write' <Predicate = true> <Delay = 0.00>
ST_1 : Operation 181 [1/1] (0.00ns)   --->   "call void @_ssdm_op_Write.ap_auto.i24P(i24* %input_51_V, i24 %input_51_axi_V_read)" [AXI_GPIO.cpp:9132]   --->   Operation 181 'write' <Predicate = true> <Delay = 0.00>
ST_1 : Operation 182 [1/1] (0.00ns)   --->   "call void @_ssdm_op_Write.ap_auto.i32P(i32* %input_52_V, i32 %input_52_axi_V_read)" [AXI_GPIO.cpp:9139]   --->   Operation 182 'write' <Predicate = true> <Delay = 0.00>
ST_1 : Operation 183 [1/1] (0.00ns)   --->   "call void @_ssdm_op_Write.ap_auto.i16P(i16* %input_53_V, i16 %input_53_axi_V_read)" [AXI_GPIO.cpp:9146]   --->   Operation 183 'write' <Predicate = true> <Delay = 0.00>
ST_1 : Operation 184 [1/1] (0.00ns)   --->   "call void @_ssdm_op_Write.ap_auto.i16P(i16* %input_54_V, i16 %input_54_axi_V_read)" [AXI_GPIO.cpp:9153]   --->   Operation 184 'write' <Predicate = true> <Delay = 0.00>
ST_1 : Operation 185 [1/1] (0.00ns)   --->   "call void @_ssdm_op_Write.ap_auto.i24P(i24* %input_55_V, i24 %input_55_axi_V_read)" [AXI_GPIO.cpp:9160]   --->   Operation 185 'write' <Predicate = true> <Delay = 0.00>
ST_1 : Operation 186 [1/1] (0.00ns)   --->   "call void @_ssdm_op_Write.ap_auto.i32P(i32* %input_56_V, i32 %input_56_axi_V_read)" [AXI_GPIO.cpp:9167]   --->   Operation 186 'write' <Predicate = true> <Delay = 0.00>
ST_1 : Operation 187 [1/1] (0.00ns)   --->   "call void @_ssdm_op_Write.ap_auto.i16P(i16* %input_57_V, i16 %input_57_axi_V_read)" [AXI_GPIO.cpp:9174]   --->   Operation 187 'write' <Predicate = true> <Delay = 0.00>
ST_1 : Operation 188 [1/1] (0.00ns)   --->   "call void @_ssdm_op_Write.ap_auto.i16P(i16* %input_58_V, i16 %input_58_axi_V_read)" [AXI_GPIO.cpp:9181]   --->   Operation 188 'write' <Predicate = true> <Delay = 0.00>
ST_1 : Operation 189 [1/1] (0.00ns)   --->   "call void @_ssdm_op_Write.ap_auto.i24P(i24* %input_59_V, i24 %input_59_axi_V_read)" [AXI_GPIO.cpp:9188]   --->   Operation 189 'write' <Predicate = true> <Delay = 0.00>
ST_1 : Operation 190 [1/1] (0.00ns)   --->   "call void @_ssdm_op_Write.ap_auto.i32P(i32* %input_60_V, i32 %input_60_axi_V_read)" [AXI_GPIO.cpp:9195]   --->   Operation 190 'write' <Predicate = true> <Delay = 0.00>
ST_1 : Operation 191 [1/1] (0.00ns)   --->   "call void @_ssdm_op_Write.ap_auto.i16P(i16* %input_61_V, i16 %input_61_axi_V_read)" [AXI_GPIO.cpp:9202]   --->   Operation 191 'write' <Predicate = true> <Delay = 0.00>
ST_1 : Operation 192 [1/1] (0.00ns)   --->   "call void @_ssdm_op_Write.ap_auto.i16P(i16* %input_62_V, i16 %input_62_axi_V_read)" [AXI_GPIO.cpp:9209]   --->   Operation 192 'write' <Predicate = true> <Delay = 0.00>
ST_1 : Operation 193 [1/1] (0.00ns)   --->   "call void @_ssdm_op_Write.ap_auto.i24P(i24* %input_63_V, i24 %input_63_axi_V_read)" [AXI_GPIO.cpp:9216]   --->   Operation 193 'write' <Predicate = true> <Delay = 0.00>
ST_1 : Operation 194 [1/1] (0.00ns)   --->   "ret void"   --->   Operation 194 'ret' <Predicate = true> <Delay = 0.00>


============================================================
+ Verbose Summary: Timing violations
============================================================
Target clock period: 3ns, clock uncertainty: 0.375ns.

 <State 1>: 0ns
The critical path consists of the following:


============================================================
+ Verbose Summary: Binding
============================================================
N/A
* FSMD analyzer results:
  - Output states:
 - Input state : 
  - Chain level:
	State 1


============================================================
+ Verbose Summary: Datapath Resource usage 
============================================================
N/A
